tof.c:244:17:decodeTimeout	0	static
tof.c:253:17:timeoutMclksToMicroseconds	0	static
tof.c:262:17:timeoutMicrosecondsToMclks	0	static
tof.c:273:17:encodeTimeout	0	static
tof.c:172:13:writeRegList	24	static
tof.c:148:13:writeReg16	24	static
tof.c:160:13:writeReg	24	static
tof.c:131:13:readMulti	40	static
tof.c:108:23:readReg16	40	static
tof.c:121:22:readReg	40	static
tof.c:207:12:getSpadInfo	16	static
tof.c:295:13:getSequenceStepTimeouts	16	static
tof.c:605:17:getMeasurementTimingBudget	32	static
tof.c:515:12:setMeasurementTimingBudget	40	static
tof.c:652:12:performSingleRefCalibration	8	static
tof.c:333:12:setVcselPulsePeriod	48	static
tof.c:137:13:writeMulti	24	dynamic
tof.c:675:12:initSensor	24	static
tof.c:99:5:tofInit	8	static
tof.c:742:10:readRangeContinuousMillimeters	8	static
tof.c:768:5:tofReadDistance	8	static
tof.c:798:5:tofGetModel	40	static
