Archive member included to satisfy reference by file (symbol)

d:/st/stm32cubeide_1.0.2/stm32cubeide/plugins/com.st.stm32cube.ide.mcu.externaltools.gnu-tools-for-stm32.7-2018-q2-update.win32_1.5.0.202011040924/tools/bin/../lib/gcc/arm-none-eabi/7.3.1/../../../../arm-none-eabi/lib/thumb/v7-m\libc_nano.a(lib_a-atoi.o)
                              USB_DEVICE/App/usbd_cdc_if.o (atoi)
d:/st/stm32cubeide_1.0.2/stm32cubeide/plugins/com.st.stm32cube.ide.mcu.externaltools.gnu-tools-for-stm32.7-2018-q2-update.win32_1.5.0.202011040924/tools/bin/../lib/gcc/arm-none-eabi/7.3.1/../../../../arm-none-eabi/lib/thumb/v7-m\libc_nano.a(lib_a-errno.o)
                              Core/Src/syscalls.o (__errno)
d:/st/stm32cubeide_1.0.2/stm32cubeide/plugins/com.st.stm32cube.ide.mcu.externaltools.gnu-tools-for-stm32.7-2018-q2-update.win32_1.5.0.202011040924/tools/bin/../lib/gcc/arm-none-eabi/7.3.1/../../../../arm-none-eabi/lib/thumb/v7-m\libc_nano.a(lib_a-exit.o)
                              d:/st/stm32cubeide_1.0.2/stm32cubeide/plugins/com.st.stm32cube.ide.mcu.externaltools.gnu-tools-for-stm32.7-2018-q2-update.win32_1.5.0.202011040924/tools/bin/../lib/gcc/arm-none-eabi/7.3.1/../../../../arm-none-eabi/lib/thumb/v7-m/crt0.o (exit)
d:/st/stm32cubeide_1.0.2/stm32cubeide/plugins/com.st.stm32cube.ide.mcu.externaltools.gnu-tools-for-stm32.7-2018-q2-update.win32_1.5.0.202011040924/tools/bin/../lib/gcc/arm-none-eabi/7.3.1/../../../../arm-none-eabi/lib/thumb/v7-m\libc_nano.a(lib_a-impure.o)
                              d:/st/stm32cubeide_1.0.2/stm32cubeide/plugins/com.st.stm32cube.ide.mcu.externaltools.gnu-tools-for-stm32.7-2018-q2-update.win32_1.5.0.202011040924/tools/bin/../lib/gcc/arm-none-eabi/7.3.1/../../../../arm-none-eabi/lib/thumb/v7-m\libc_nano.a(lib_a-exit.o) (_global_impure_ptr)
d:/st/stm32cubeide_1.0.2/stm32cubeide/plugins/com.st.stm32cube.ide.mcu.externaltools.gnu-tools-for-stm32.7-2018-q2-update.win32_1.5.0.202011040924/tools/bin/../lib/gcc/arm-none-eabi/7.3.1/../../../../arm-none-eabi/lib/thumb/v7-m\libc_nano.a(lib_a-init.o)
                              d:/st/stm32cubeide_1.0.2/stm32cubeide/plugins/com.st.stm32cube.ide.mcu.externaltools.gnu-tools-for-stm32.7-2018-q2-update.win32_1.5.0.202011040924/tools/bin/../lib/gcc/arm-none-eabi/7.3.1/../../../../arm-none-eabi/lib/thumb/v7-m/crt0.o (__libc_init_array)
d:/st/stm32cubeide_1.0.2/stm32cubeide/plugins/com.st.stm32cube.ide.mcu.externaltools.gnu-tools-for-stm32.7-2018-q2-update.win32_1.5.0.202011040924/tools/bin/../lib/gcc/arm-none-eabi/7.3.1/../../../../arm-none-eabi/lib/thumb/v7-m\libc_nano.a(lib_a-itoa.o)
                              Core/Src/main.o (itoa)
d:/st/stm32cubeide_1.0.2/stm32cubeide/plugins/com.st.stm32cube.ide.mcu.externaltools.gnu-tools-for-stm32.7-2018-q2-update.win32_1.5.0.202011040924/tools/bin/../lib/gcc/arm-none-eabi/7.3.1/../../../../arm-none-eabi/lib/thumb/v7-m\libc_nano.a(lib_a-memcpy-stub.o)
                              Core/Src/tof.o (memcpy)
d:/st/stm32cubeide_1.0.2/stm32cubeide/plugins/com.st.stm32cube.ide.mcu.externaltools.gnu-tools-for-stm32.7-2018-q2-update.win32_1.5.0.202011040924/tools/bin/../lib/gcc/arm-none-eabi/7.3.1/../../../../arm-none-eabi/lib/thumb/v7-m\libc_nano.a(lib_a-memset.o)
                              d:/st/stm32cubeide_1.0.2/stm32cubeide/plugins/com.st.stm32cube.ide.mcu.externaltools.gnu-tools-for-stm32.7-2018-q2-update.win32_1.5.0.202011040924/tools/bin/../lib/gcc/arm-none-eabi/7.3.1/../../../../arm-none-eabi/lib/thumb/v7-m/crt0.o (memset)
d:/st/stm32cubeide_1.0.2/stm32cubeide/plugins/com.st.stm32cube.ide.mcu.externaltools.gnu-tools-for-stm32.7-2018-q2-update.win32_1.5.0.202011040924/tools/bin/../lib/gcc/arm-none-eabi/7.3.1/../../../../arm-none-eabi/lib/thumb/v7-m\libc_nano.a(lib_a-strlen.o)
                              Core/Src/main.o (strlen)
d:/st/stm32cubeide_1.0.2/stm32cubeide/plugins/com.st.stm32cube.ide.mcu.externaltools.gnu-tools-for-stm32.7-2018-q2-update.win32_1.5.0.202011040924/tools/bin/../lib/gcc/arm-none-eabi/7.3.1/../../../../arm-none-eabi/lib/thumb/v7-m\libc_nano.a(lib_a-strtol.o)
                              d:/st/stm32cubeide_1.0.2/stm32cubeide/plugins/com.st.stm32cube.ide.mcu.externaltools.gnu-tools-for-stm32.7-2018-q2-update.win32_1.5.0.202011040924/tools/bin/../lib/gcc/arm-none-eabi/7.3.1/../../../../arm-none-eabi/lib/thumb/v7-m\libc_nano.a(lib_a-atoi.o) (_strtol_r)
d:/st/stm32cubeide_1.0.2/stm32cubeide/plugins/com.st.stm32cube.ide.mcu.externaltools.gnu-tools-for-stm32.7-2018-q2-update.win32_1.5.0.202011040924/tools/bin/../lib/gcc/arm-none-eabi/7.3.1/../../../../arm-none-eabi/lib/thumb/v7-m\libc_nano.a(lib_a-utoa.o)
                              d:/st/stm32cubeide_1.0.2/stm32cubeide/plugins/com.st.stm32cube.ide.mcu.externaltools.gnu-tools-for-stm32.7-2018-q2-update.win32_1.5.0.202011040924/tools/bin/../lib/gcc/arm-none-eabi/7.3.1/../../../../arm-none-eabi/lib/thumb/v7-m\libc_nano.a(lib_a-itoa.o) (__utoa)
[...]
Memory Configuration

Name             Origin             Length             Attributes
RAM              0x0000000020000000 0x0000000000005000 xrw
FLASH            0x0000000008000000 0x0000000000010000 xr
*default*        0x0000000000000000 0xffffffffffffffff

Linker script and memory map

LOAD d:/st/stm32cubeide_1.0.2/stm32cubeide/plugins/com.st.stm32cube.ide.mcu.externaltools.gnu-tools-for-stm32.7-2018-q2-update.win32_1.5.0.202011040924/tools/bin/../lib/gcc/arm-none-eabi/7.3.1/thumb/v7-m/crti.o
LOAD d:/st/stm32cubeide_1.0.2/stm32cubeide/plugins/com.st.stm32cube.ide.mcu.externaltools.gnu-tools-for-stm32.7-2018-q2-update.win32_1.5.0.202011040924/tools/bin/../lib/gcc/arm-none-eabi/7.3.1/thumb/v7-m/crtbegin.o
LOAD d:/st/stm32cubeide_1.0.2/stm32cubeide/plugins/com.st.stm32cube.ide.mcu.externaltools.gnu-tools-for-stm32.7-2018-q2-update.win32_1.5.0.202011040924/tools/bin/../lib/gcc/arm-none-eabi/7.3.1/../../../../arm-none-eabi/lib/thumb/v7-m/crt0.o
LOAD Core/Src/main.o
LOAD Core/Src/myLibrary.o
LOAD Core/Src/stm32f1xx_hal_msp.o
LOAD Core/Src/stm32f1xx_it.o
LOAD Core/Src/syscalls.o
LOAD Core/Src/sysmem.o
LOAD Core/Src/system_stm32f1xx.o
LOAD Core/Src/tof.o
LOAD Core/Startup/startup_stm32f103c8tx.o
LOAD Drivers/STM32F1xx_HAL_Driver/Src/stm32f1xx_hal.o
LOAD Drivers/STM32F1xx_HAL_Driver/Src/stm32f1xx_hal_cortex.o
LOAD Drivers/STM32F1xx_HAL_Driver/Src/stm32f1xx_hal_dma.o
LOAD Drivers/STM32F1xx_HAL_Driver/Src/stm32f1xx_hal_exti.o
LOAD Drivers/STM32F1xx_HAL_Driver/Src/stm32f1xx_hal_flash.o
LOAD Drivers/STM32F1xx_HAL_Driver/Src/stm32f1xx_hal_flash_ex.o
LOAD Drivers/STM32F1xx_HAL_Driver/Src/stm32f1xx_hal_gpio.o
LOAD Drivers/STM32F1xx_HAL_Driver/Src/stm32f1xx_hal_gpio_ex.o
LOAD Drivers/STM32F1xx_HAL_Driver/Src/stm32f1xx_hal_i2c.o
LOAD Drivers/STM32F1xx_HAL_Driver/Src/stm32f1xx_hal_pcd.o
LOAD Drivers/STM32F1xx_HAL_Driver/Src/stm32f1xx_hal_pcd_ex.o
LOAD Drivers/STM32F1xx_HAL_Driver/Src/stm32f1xx_hal_pwr.o
LOAD Drivers/STM32F1xx_HAL_Driver/Src/stm32f1xx_hal_rcc.o
LOAD Drivers/STM32F1xx_HAL_Driver/Src/stm32f1xx_hal_rcc_ex.o
LOAD Drivers/STM32F1xx_HAL_Driver/Src/stm32f1xx_hal_tim.o
LOAD Drivers/STM32F1xx_HAL_Driver/Src/stm32f1xx_hal_tim_ex.o
LOAD Drivers/STM32F1xx_HAL_Driver/Src/stm32f1xx_ll_usb.o
LOAD Middlewares/ST/STM32_USB_Device_Library/Class/CDC/Src/usbd_cdc.o
LOAD Middlewares/ST/STM32_USB_Device_Library/Core/Src/usbd_core.o
LOAD Middlewares/ST/STM32_USB_Device_Library/Core/Src/usbd_ctlreq.o
LOAD Middlewares/ST/STM32_USB_Device_Library/Core/Src/usbd_ioreq.o
LOAD USB_DEVICE/App/usb_device.o
LOAD USB_DEVICE/App/usbd_cdc_if.o
LOAD USB_DEVICE/App/usbd_desc.o
LOAD USB_DEVICE/Target/usbd_conf.o
START GROUP
LOAD d:/st/stm32cubeide_1.0.2/stm32cubeide/plugins/com.st.stm32cube.ide.mcu.externaltools.gnu-tools-for-stm32.7-2018-q2-update.win32_1.5.0.202011040924/tools/bin/../lib/gcc/arm-none-eabi/7.3.1/../../../../arm-none-eabi/lib/thumb/v7-m\libc_nano.a
LOAD d:/st/stm32cubeide_1.0.2/stm32cubeide/plugins/com.st.stm32cube.ide.mcu.externaltools.gnu-tools-for-stm32.7-2018-q2-update.win32_1.5.0.202011040924/tools/bin/../lib/gcc/arm-none-eabi/7.3.1/../../../../arm-none-eabi/lib/thumb/v7-m\libm.a
END GROUP
START GROUP
LOAD d:/st/stm32cubeide_1.0.2/stm32cubeide/plugins/com.st.stm32cube.ide.mcu.externaltools.gnu-tools-for-stm32.7-2018-q2-update.win32_1.5.0.202011040924/tools/bin/../lib/gcc/arm-none-eabi/7.3.1/thumb/v7-m\libgcc.a
LOAD d:/st/stm32cubeide_1.0.2/stm32cubeide/plugins/com.st.stm32cube.ide.mcu.externaltools.gnu-tools-for-stm32.7-2018-q2-update.win32_1.5.0.202011040924/tools/bin/../lib/gcc/arm-none-eabi/7.3.1/../../../../arm-none-eabi/lib/thumb/v7-m\libc_nano.a
END GROUP
START GROUP
LOAD d:/st/stm32cubeide_1.0.2/stm32cubeide/plugins/com.st.stm32cube.ide.mcu.externaltools.gnu-tools-for-stm32.7-2018-q2-update.win32_1.5.0.202011040924/tools/bin/../lib/gcc/arm-none-eabi/7.3.1/thumb/v7-m\libgcc.a
LOAD d:/st/stm32cubeide_1.0.2/stm32cubeide/plugins/com.st.stm32cube.ide.mcu.externaltools.gnu-tools-for-stm32.7-2018-q2-update.win32_1.5.0.202011040924/tools/bin/../lib/gcc/arm-none-eabi/7.3.1/../../../../arm-none-eabi/lib/thumb/v7-m\libc_nano.a
LOAD d:/st/stm32cubeide_1.0.2/stm32cubeide/plugins/com.st.stm32cube.ide.mcu.externaltools.gnu-tools-for-stm32.7-2018-q2-update.win32_1.5.0.202011040924/tools/bin/../lib/gcc/arm-none-eabi/7.3.1/../../../../arm-none-eabi/lib/thumb/v7-m\libnosys.a
END GROUP
START GROUP
LOAD d:/st/stm32cubeide_1.0.2/stm32cubeide/plugins/com.st.stm32cube.ide.mcu.externaltools.gnu-tools-for-stm32.7-2018-q2-update.win32_1.5.0.202011040924/tools/bin/../lib/gcc/arm-none-eabi/7.3.1/thumb/v7-m\libgcc.a
LOAD d:/st/stm32cubeide_1.0.2/stm32cubeide/plugins/com.st.stm32cube.ide.mcu.externaltools.gnu-tools-for-stm32.7-2018-q2-update.win32_1.5.0.202011040924/tools/bin/../lib/gcc/arm-none-eabi/7.3.1/../../../../arm-none-eabi/lib/thumb/v7-m\libc_nano.a
LOAD d:/st/stm32cubeide_1.0.2/stm32cubeide/plugins/com.st.stm32cube.ide.mcu.externaltools.gnu-tools-for-stm32.7-2018-q2-update.win32_1.5.0.202011040924/tools/bin/../lib/gcc/arm-none-eabi/7.3.1/../../../../arm-none-eabi/lib/thumb/v7-m\libnosys.a
END GROUP
LOAD d:/st/stm32cubeide_1.0.2/stm32cubeide/plugins/com.st.stm32cube.ide.mcu.externaltools.gnu-tools-for-stm32.7-2018-q2-update.win32_1.5.0.202011040924/tools/bin/../lib/gcc/arm-none-eabi/7.3.1/thumb/v7-m/crtend.o
LOAD d:/st/stm32cubeide_1.0.2/stm32cubeide/plugins/com.st.stm32cube.ide.mcu.externaltools.gnu-tools-for-stm32.7-2018-q2-update.win32_1.5.0.202011040924/tools/bin/../lib/gcc/arm-none-eabi/7.3.1/thumb/v7-m/crtn.o
                0x0000000020005000                _estack = (ORIGIN (RAM) + LENGTH (RAM))
                0x0000000000000200                _Min_Heap_Size = 0x200
                0x0000000000000400                _Min_Stack_Size = 0x400

.isr_vector     0x0000000008000000      0x10c
                0x0000000008000000                . = ALIGN (0x4)
 *(.isr_vector)
 .isr_vector    0x0000000008000000      0x10c Core/Startup/startup_stm32f103c8tx.o
                0x0000000008000000                g_pfnVectors
                0x000000000800010c                . = ALIGN (0x4)

.text           0x000000000800010c     0x673c
                0x000000000800010c                . = ALIGN (0x4)
 *(.text)
 .text          0x000000000800010c       0x40 d:/st/stm32cubeide_1.0.2/stm32cubeide/plugins/com.st.stm32cube.ide.mcu.externaltools.gnu-tools-for-stm32.7-2018-q2-update.win32_1.5.0.202011040924/tools/bin/../lib/gcc/arm-none-eabi/7.3.1/thumb/v7-m/crtbegin.o
 .text          0x000000000800014c       0x10 d:/st/stm32cubeide_1.0.2/stm32cubeide/plugins/com.st.stm32cube.ide.mcu.externaltools.gnu-tools-for-stm32.7-2018-q2-update.win32_1.5.0.202011040924/tools/bin/../lib/gcc/arm-none-eabi/7.3.1/../../../../arm-none-eabi/lib/thumb/v7-m\libc_nano.a(lib_a-strlen.o)
                0x000000000800014c                strlen
 .text          0x000000000800015c      0x21c d:/st/stm32cubeide_1.0.2/stm32cubeide/plugins/com.st.stm32cube.ide.mcu.externaltools.gnu-tools-for-stm32.7-2018-q2-update.win32_1.5.0.202011040924/tools/bin/../lib/gcc/arm-none-eabi/7.3.1/thumb/v7-m\libgcc.a(_arm_addsubsf3.o)
                0x000000000800015c                __aeabi_frsub
                0x0000000008000164                __subsf3
                0x0000000008000164                __aeabi_fsub
                0x0000000008000168                __aeabi_fadd
                0x0000000008000168                __addsf3
                0x00000000080002c8                __aeabi_ui2f
                0x00000000080002c8                __floatunsisf
                0x00000000080002d0                __aeabi_i2f
                0x00000000080002d0                __floatsisf
                0x00000000080002ec                __aeabi_ul2f
                0x00000000080002ec                __floatundisf
                0x00000000080002fc                __aeabi_l2f
                0x00000000080002fc                __floatdisf
 .text          0x0000000008000378      0x2a0 d:/st/stm32cubeide_1.0.2/stm32cubeide/plugins/com.st.stm32cube.ide.mcu.externaltools.gnu-tools-for-stm32.7-2018-q2-update.win32_1.5.0.202011040924/tools/bin/../lib/gcc/arm-none-eabi/7.3.1/thumb/v7-m\libgcc.a(_arm_muldivsf3.o)
                0x0000000008000378                __mulsf3
                0x0000000008000378                __aeabi_fmul
                0x00000000080004e0                __aeabi_fdiv
                0x00000000080004e0                __divsf3
 .text          0x0000000008000618       0x40 d:/st/stm32cubeide_1.0.2/stm32cubeide/plugins/com.st.stm32cube.ide.mcu.externaltools.gnu-tools-for-stm32.7-2018-q2-update.win32_1.5.0.202011040924/tools/bin/../lib/gcc/arm-none-eabi/7.3.1/thumb/v7-m\libgcc.a(_arm_fixunssfsi.o)
                0x0000000008000618                __fixunssfsi
                0x0000000008000618                __aeabi_f2uiz
 *(.text*)
 .text.MX_GPIO_Init
                0x0000000008000658       0x78 Core/Src/main.o
 .text.Error_Handler
                0x00000000080006d0        0x4 Core/Src/main.o
                0x00000000080006d0                Error_Handler
 .text.MX_TIM2_Init
                0x00000000080006d4       0xea Core/Src/main.o
 .text.MX_TIM3_Init
                0x00000000080007be       0x7c Core/Src/main.o
 .text.MX_I2C2_Init
                0x000000000800083a       0x3e Core/Src/main.o
 .text.SystemClock_Config
                0x0000000008000878       0x7e Core/Src/main.o
                0x0000000008000878                SystemClock_Config
 .text.main     0x00000000080008f6      0x17e Core/Src/main.o
                0x00000000080008f6                main
 .text.setPitch
                0x0000000008000a74       0x36 Core/Src/myLibrary.o
                0x0000000008000a74                setPitch
 .text.setYaw   0x0000000008000aaa       0x36 Core/Src/myLibrary.o
                0x0000000008000aaa                setYaw
 .text.measureDistanceAt
                0x0000000008000ae0       0x2c Core/Src/myLibrary.o
                0x0000000008000ae0                measureDistanceAt
 .text.HAL_MspInit
                0x0000000008000b0c       0x44 Core/Src/stm32f1xx_hal_msp.o
                0x0000000008000b0c                HAL_MspInit
 .text.HAL_I2C_MspInit
                0x0000000008000b50       0x6a Core/Src/stm32f1xx_hal_msp.o
                0x0000000008000b50                HAL_I2C_MspInit
 .text.HAL_I2C_MspDeInit
                0x0000000008000bba       0x40 Core/Src/stm32f1xx_hal_msp.o
                0x0000000008000bba                HAL_I2C_MspDeInit
 .text.HAL_TIM_Base_MspInit
                0x0000000008000bfa       0x66 Core/Src/stm32f1xx_hal_msp.o
                0x0000000008000bfa                HAL_TIM_Base_MspInit
 .text.HAL_TIM_MspPostInit
                0x0000000008000c60       0x50 Core/Src/stm32f1xx_hal_msp.o
                0x0000000008000c60                HAL_TIM_MspPostInit
 .text.NMI_Handler
                0x0000000008000cb0        0x2 Core/Src/stm32f1xx_it.o
                0x0000000008000cb0                NMI_Handler
 .text.HardFault_Handler
                0x0000000008000cb2        0x2 Core/Src/stm32f1xx_it.o
                0x0000000008000cb2                HardFault_Handler
 .text.MemManage_Handler
                0x0000000008000cb4        0x2 Core/Src/stm32f1xx_it.o
                0x0000000008000cb4                MemManage_Handler
 .text.BusFault_Handler
                0x0000000008000cb6        0x2 Core/Src/stm32f1xx_it.o
                0x0000000008000cb6                BusFault_Handler
 .text.UsageFault_Handler
                0x0000000008000cb8        0x2 Core/Src/stm32f1xx_it.o
                0x0000000008000cb8                UsageFault_Handler
 .text.SVC_Handler
                0x0000000008000cba        0x2 Core/Src/stm32f1xx_it.o
                0x0000000008000cba                SVC_Handler
 .text.DebugMon_Handler
                0x0000000008000cbc        0x2 Core/Src/stm32f1xx_it.o
                0x0000000008000cbc                DebugMon_Handler
 .text.PendSV_Handler
                0x0000000008000cbe        0x2 Core/Src/stm32f1xx_it.o
                0x0000000008000cbe                PendSV_Handler
 .text.SysTick_Handler
                0x0000000008000cc0        0x8 Core/Src/stm32f1xx_it.o
                0x0000000008000cc0                SysTick_Handler
 .text.USB_LP_CAN1_RX0_IRQHandler
                0x0000000008000cc8       0x10 Core/Src/stm32f1xx_it.o
                0x0000000008000cc8                USB_LP_CAN1_RX0_IRQHandler
 .text.TIM3_IRQHandler
                0x0000000008000cd8       0x74 Core/Src/stm32f1xx_it.o
                0x0000000008000cd8                TIM3_IRQHandler
 .text.SystemInit
                0x0000000008000d4c        0x2 Core/Src/system_stm32f1xx.o
                0x0000000008000d4c                SystemInit
 .text.decodeTimeout
                0x0000000008000d4e       0x10 Core/Src/tof.o
 .text.timeoutMclksToMicroseconds
                0x0000000008000d5e       0x2c Core/Src/tof.o
 .text.timeoutMicrosecondsToMclks
                0x0000000008000d8a       0x2e Core/Src/tof.o
 .text.encodeTimeout
                0x0000000008000db8       0x20 Core/Src/tof.o
 .text.writeRegList
                0x0000000008000dd8       0x30 Core/Src/tof.o
 .text.writeReg16
                0x0000000008000e08       0x30 Core/Src/tof.o
 .text.writeReg
                0x0000000008000e38       0x2a Core/Src/tof.o
 .text.readMulti
                0x0000000008000e62       0x38 Core/Src/tof.o
 .text.readReg16
                0x0000000008000e9a       0x42 Core/Src/tof.o
 .text.readReg  0x0000000008000edc       0x3a Core/Src/tof.o
 .text.getSpadInfo
                0x0000000008000f16       0x9a Core/Src/tof.o
 .text.getSequenceStepTimeouts
                0x0000000008000fb0       0x74 Core/Src/tof.o
 .text.getMeasurementTimingBudget
                0x0000000008001024       0x70 Core/Src/tof.o
 .text.setMeasurementTimingBudget
                0x0000000008001094       0xa8 Core/Src/tof.o
 .text.performSingleRefCalibration
                0x000000000800113c       0x3e Core/Src/tof.o
 .text.setVcselPulsePeriod
                0x000000000800117a      0x20e Core/Src/tof.o
 .text.writeMulti
                0x0000000008001388       0x40 Core/Src/tof.o
 .text.initSensor
                0x00000000080013c8      0x18c Core/Src/tof.o
 .text.tofInit  0x0000000008001554        0x8 Core/Src/tof.o
                0x0000000008001554                tofInit
 .text.readRangeContinuousMillimeters
                0x000000000800155c       0x36 Core/Src/tof.o
                0x000000000800155c                readRangeContinuousMillimeters
 .text.tofReadDistance
                0x0000000008001592       0x70 Core/Src/tof.o
                0x0000000008001592                tofReadDistance
 .text.tofGetModel
                0x0000000008001602       0x7e Core/Src/tof.o
                0x0000000008001602                tofGetModel
 .text.Reset_Handler
                0x0000000008001680       0x48 Core/Startup/startup_stm32f103c8tx.o
                0x0000000008001680                Reset_Handler
 .text.Default_Handler
                0x00000000080016c8        0x2 Core/Startup/startup_stm32f103c8tx.o
                0x00000000080016c8                RTC_Alarm_IRQHandler
                0x00000000080016c8                EXTI2_IRQHandler
                0x00000000080016c8                TIM1_CC_IRQHandler
                0x00000000080016c8                PVD_IRQHandler
                0x00000000080016c8                EXTI3_IRQHandler
                0x00000000080016c8                EXTI0_IRQHandler
                0x00000000080016c8                I2C2_EV_IRQHandler
                0x00000000080016c8                ADC1_2_IRQHandler
                0x00000000080016c8                SPI1_IRQHandler
                0x00000000080016c8                TAMPER_IRQHandler
                0x00000000080016c8                DMA1_Channel4_IRQHandler
                0x00000000080016c8                USART3_IRQHandler
                0x00000000080016c8                RTC_IRQHandler
                0x00000000080016c8                DMA1_Channel7_IRQHandler
                0x00000000080016c8                CAN1_RX1_IRQHandler
                0x00000000080016c8                TIM4_IRQHandler
                0x00000000080016c8                I2C1_EV_IRQHandler
                0x00000000080016c8                DMA1_Channel6_IRQHandler
                0x00000000080016c8                RCC_IRQHandler
                0x00000000080016c8                TIM1_TRG_COM_IRQHandler
                0x00000000080016c8                DMA1_Channel1_IRQHandler
                0x00000000080016c8                Default_Handler
                0x00000000080016c8                EXTI15_10_IRQHandler
                0x00000000080016c8                EXTI9_5_IRQHandler
                0x00000000080016c8                SPI2_IRQHandler
                0x00000000080016c8                DMA1_Channel5_IRQHandler
                0x00000000080016c8                EXTI4_IRQHandler
                0x00000000080016c8                USB_HP_CAN1_TX_IRQHandler
                0x00000000080016c8                DMA1_Channel3_IRQHandler
                0x00000000080016c8                TIM1_UP_IRQHandler
                0x00000000080016c8                WWDG_IRQHandler
                0x00000000080016c8                TIM2_IRQHandler
                0x00000000080016c8                TIM1_BRK_IRQHandler
                0x00000000080016c8                EXTI1_IRQHandler
                0x00000000080016c8                USART2_IRQHandler
                0x00000000080016c8                I2C2_ER_IRQHandler
                0x00000000080016c8                DMA1_Channel2_IRQHandler
                0x00000000080016c8                CAN1_SCE_IRQHandler
                0x00000000080016c8                FLASH_IRQHandler
                0x00000000080016c8                USART1_IRQHandler
                0x00000000080016c8                I2C1_ER_IRQHandler
                0x00000000080016c8                USBWakeUp_IRQHandler
 .text.HAL_InitTick
                0x00000000080016ca       0x50 Drivers/STM32F1xx_HAL_Driver/Src/stm32f1xx_hal.o
                0x00000000080016ca                HAL_InitTick
 .text.HAL_Init
                0x000000000800171a       0x26 Drivers/STM32F1xx_HAL_Driver/Src/stm32f1xx_hal.o
                0x000000000800171a                HAL_Init
 .text.HAL_IncTick
                0x0000000008001740       0x1a Drivers/STM32F1xx_HAL_Driver/Src/stm32f1xx_hal.o
                0x0000000008001740                HAL_IncTick
 .text.HAL_GetTick
                0x000000000800175a        0xc Drivers/STM32F1xx_HAL_Driver/Src/stm32f1xx_hal.o
                0x000000000800175a                HAL_GetTick
 .text.HAL_Delay
                0x0000000008001766       0x28 Drivers/STM32F1xx_HAL_Driver/Src/stm32f1xx_hal.o
                0x0000000008001766                HAL_Delay
 .text.HAL_NVIC_SetPriorityGrouping
                0x000000000800178e       0x26 Drivers/STM32F1xx_HAL_Driver/Src/stm32f1xx_hal_cortex.o
                0x000000000800178e                HAL_NVIC_SetPriorityGrouping
 .text.HAL_NVIC_SetPriority
                0x00000000080017b4       0x6c Drivers/STM32F1xx_HAL_Driver/Src/stm32f1xx_hal_cortex.o
                0x00000000080017b4                HAL_NVIC_SetPriority
 .text.HAL_NVIC_EnableIRQ
                0x0000000008001820       0x1c Drivers/STM32F1xx_HAL_Driver/Src/stm32f1xx_hal_cortex.o
                0x0000000008001820                HAL_NVIC_EnableIRQ
 .text.HAL_SYSTICK_Config
                0x000000000800183c       0x2e Drivers/STM32F1xx_HAL_Driver/Src/stm32f1xx_hal_cortex.o
                0x000000000800183c                HAL_SYSTICK_Config
 .text.HAL_GPIO_Init
                0x000000000800186a      0x230 Drivers/STM32F1xx_HAL_Driver/Src/stm32f1xx_hal_gpio.o
                0x000000000800186a                HAL_GPIO_Init
 .text.HAL_GPIO_DeInit
                0x0000000008001a9a      0x106 Drivers/STM32F1xx_HAL_Driver/Src/stm32f1xx_hal_gpio.o
                0x0000000008001a9a                HAL_GPIO_DeInit
 .text.HAL_GPIO_WritePin
                0x0000000008001ba0        0xc Drivers/STM32F1xx_HAL_Driver/Src/stm32f1xx_hal_gpio.o
                0x0000000008001ba0                HAL_GPIO_WritePin
 .text.I2C_IsAcknowledgeFailed
                0x0000000008001bac       0x32 Drivers/STM32F1xx_HAL_Driver/Src/stm32f1xx_hal_i2c.o
 .text.I2C_WaitOnFlagUntilTimeout
                0x0000000008001bde       0x70 Drivers/STM32F1xx_HAL_Driver/Src/stm32f1xx_hal_i2c.o
 .text.I2C_WaitOnMasterAddressFlagUntilTimeout
                0x0000000008001c4e       0xa4 Drivers/STM32F1xx_HAL_Driver/Src/stm32f1xx_hal_i2c.o
 .text.I2C_MasterRequestWrite
                0x0000000008001cf2       0xbc Drivers/STM32F1xx_HAL_Driver/Src/stm32f1xx_hal_i2c.o
 .text.I2C_MasterRequestRead
                0x0000000008001dae      0x12c Drivers/STM32F1xx_HAL_Driver/Src/stm32f1xx_hal_i2c.o
 .text.I2C_WaitOnTXEFlagUntilTimeout
                0x0000000008001eda       0x54 Drivers/STM32F1xx_HAL_Driver/Src/stm32f1xx_hal_i2c.o
 .text.I2C_WaitOnBTFFlagUntilTimeout
                0x0000000008001f2e       0x54 Drivers/STM32F1xx_HAL_Driver/Src/stm32f1xx_hal_i2c.o
 .text.I2C_WaitOnRXNEFlagUntilTimeout
                0x0000000008001f82       0x6a Drivers/STM32F1xx_HAL_Driver/Src/stm32f1xx_hal_i2c.o
 .text.HAL_I2C_Init
                0x0000000008001fec      0x1ca Drivers/STM32F1xx_HAL_Driver/Src/stm32f1xx_hal_i2c.o
                0x0000000008001fec                HAL_I2C_Init
 .text.HAL_I2C_DeInit
                0x00000000080021b6       0x32 Drivers/STM32F1xx_HAL_Driver/Src/stm32f1xx_hal_i2c.o
                0x00000000080021b6                HAL_I2C_DeInit
 .text.HAL_I2C_Master_Transmit
                0x00000000080021e8      0x170 Drivers/STM32F1xx_HAL_Driver/Src/stm32f1xx_hal_i2c.o
                0x00000000080021e8                HAL_I2C_Master_Transmit
 .text.HAL_I2C_Master_Receive
                0x0000000008002358      0x32a Drivers/STM32F1xx_HAL_Driver/Src/stm32f1xx_hal_i2c.o
                0x0000000008002358                HAL_I2C_Master_Receive
 .text.HAL_PCD_EP_DB_Receive
                0x0000000008002682      0x112 Drivers/STM32F1xx_HAL_Driver/Src/stm32f1xx_hal_pcd.o
 .text.HAL_PCD_Init
                0x0000000008002794      0x10c Drivers/STM32F1xx_HAL_Driver/Src/stm32f1xx_hal_pcd.o
                0x0000000008002794                HAL_PCD_Init
 .text.HAL_PCD_Start
                0x00000000080028a0       0x32 Drivers/STM32F1xx_HAL_Driver/Src/stm32f1xx_hal_pcd.o
                0x00000000080028a0                HAL_PCD_Start
 .text.HAL_PCD_EP_DB_Transmit
                0x00000000080028d2      0x2be Drivers/STM32F1xx_HAL_Driver/Src/stm32f1xx_hal_pcd.o
 .text.PCD_EP_ISR_Handler
                0x0000000008002b90      0x40e Drivers/STM32F1xx_HAL_Driver/Src/stm32f1xx_hal_pcd.o
 .text.HAL_PCD_SetAddress
                0x0000000008002f9e       0x28 Drivers/STM32F1xx_HAL_Driver/Src/stm32f1xx_hal_pcd.o
                0x0000000008002f9e                HAL_PCD_SetAddress
 .text.HAL_PCD_IRQHandler
                0x0000000008002fc6      0x1ce Drivers/STM32F1xx_HAL_Driver/Src/stm32f1xx_hal_pcd.o
                0x0000000008002fc6                HAL_PCD_IRQHandler
 .text.HAL_PCD_EP_Open
                0x0000000008003194       0x74 Drivers/STM32F1xx_HAL_Driver/Src/stm32f1xx_hal_pcd.o
                0x0000000008003194                HAL_PCD_EP_Open
 .text.HAL_PCD_EP_Close
                0x0000000008003208       0x62 Drivers/STM32F1xx_HAL_Driver/Src/stm32f1xx_hal_pcd.o
                0x0000000008003208                HAL_PCD_EP_Close
 .text.HAL_PCD_EP_Receive
                0x000000000800326a       0x42 Drivers/STM32F1xx_HAL_Driver/Src/stm32f1xx_hal_pcd.o
                0x000000000800326a                HAL_PCD_EP_Receive
 .text.HAL_PCD_EP_GetRxCount
                0x00000000080032ac       0x12 Drivers/STM32F1xx_HAL_Driver/Src/stm32f1xx_hal_pcd.o
                0x00000000080032ac                HAL_PCD_EP_GetRxCount
 .text.HAL_PCD_EP_Transmit
                0x00000000080032be       0x4a Drivers/STM32F1xx_HAL_Driver/Src/stm32f1xx_hal_pcd.o
                0x00000000080032be                HAL_PCD_EP_Transmit
 .text.HAL_PCD_EP_SetStall
                0x0000000008003308       0x76 Drivers/STM32F1xx_HAL_Driver/Src/stm32f1xx_hal_pcd.o
                0x0000000008003308                HAL_PCD_EP_SetStall
 .text.HAL_PCD_EP_ClrStall
                0x000000000800337e       0x74 Drivers/STM32F1xx_HAL_Driver/Src/stm32f1xx_hal_pcd.o
                0x000000000800337e                HAL_PCD_EP_ClrStall
 .text.HAL_PCDEx_PMAConfig
                0x00000000080033f2       0x3c Drivers/STM32F1xx_HAL_Driver/Src/stm32f1xx_hal_pcd_ex.o
                0x00000000080033f2                HAL_PCDEx_PMAConfig
 .text.RCC_Delay
                0x000000000800342e       0x30 Drivers/STM32F1xx_HAL_Driver/Src/stm32f1xx_hal_rcc.o
 .text.HAL_RCC_OscConfig
                0x000000000800345e      0x4f2 Drivers/STM32F1xx_HAL_Driver/Src/stm32f1xx_hal_rcc.o
                0x000000000800345e                HAL_RCC_OscConfig
 .text.HAL_RCC_GetSysClockFreq
                0x0000000008003950       0x82 Drivers/STM32F1xx_HAL_Driver/Src/stm32f1xx_hal_rcc.o
                0x0000000008003950                HAL_RCC_GetSysClockFreq
 .text.HAL_RCC_ClockConfig
                0x00000000080039d2      0x1c2 Drivers/STM32F1xx_HAL_Driver/Src/stm32f1xx_hal_rcc.o
                0x00000000080039d2                HAL_RCC_ClockConfig
 .text.HAL_RCC_GetHCLKFreq
                0x0000000008003b94        0xc Drivers/STM32F1xx_HAL_Driver/Src/stm32f1xx_hal_rcc.o
                0x0000000008003b94                HAL_RCC_GetHCLKFreq
 .text.HAL_RCC_GetPCLK1Freq
                0x0000000008003ba0       0x22 Drivers/STM32F1xx_HAL_Driver/Src/stm32f1xx_hal_rcc.o
                0x0000000008003ba0                HAL_RCC_GetPCLK1Freq
 .text.HAL_RCCEx_PeriphCLKConfig
                0x0000000008003bc2      0x156 Drivers/STM32F1xx_HAL_Driver/Src/stm32f1xx_hal_rcc_ex.o
                0x0000000008003bc2                HAL_RCCEx_PeriphCLKConfig
 .text.TIM_OC1_SetConfig
                0x0000000008003d18       0x62 Drivers/STM32F1xx_HAL_Driver/Src/stm32f1xx_hal_tim.o
 .text.TIM_OC3_SetConfig
                0x0000000008003d7a       0x6a Drivers/STM32F1xx_HAL_Driver/Src/stm32f1xx_hal_tim.o
 .text.TIM_OC4_SetConfig
                0x0000000008003de4       0x4a Drivers/STM32F1xx_HAL_Driver/Src/stm32f1xx_hal_tim.o
 .text.TIM_TI1_ConfigInputStage
                0x0000000008003e2e       0x24 Drivers/STM32F1xx_HAL_Driver/Src/stm32f1xx_hal_tim.o
 .text.TIM_TI2_ConfigInputStage
                0x0000000008003e52       0x26 Drivers/STM32F1xx_HAL_Driver/Src/stm32f1xx_hal_tim.o
 .text.TIM_ITRx_SetConfig
                0x0000000008003e78       0x10 Drivers/STM32F1xx_HAL_Driver/Src/stm32f1xx_hal_tim.o
 .text.HAL_TIM_Base_Start
                0x0000000008003e88       0x66 Drivers/STM32F1xx_HAL_Driver/Src/stm32f1xx_hal_tim.o
                0x0000000008003e88                HAL_TIM_Base_Start
 .text.HAL_TIM_Base_Start_IT
                0x0000000008003eee       0x70 Drivers/STM32F1xx_HAL_Driver/Src/stm32f1xx_hal_tim.o
                0x0000000008003eee                HAL_TIM_Base_Start_IT
 .text.HAL_TIM_PWM_MspInit
                0x0000000008003f5e        0x2 Drivers/STM32F1xx_HAL_Driver/Src/stm32f1xx_hal_tim.o
                0x0000000008003f5e                HAL_TIM_PWM_MspInit
 .text.HAL_TIM_PeriodElapsedCallback
                0x0000000008003f60        0x2 Drivers/STM32F1xx_HAL_Driver/Src/stm32f1xx_hal_tim.o
                0x0000000008003f60                HAL_TIM_PeriodElapsedCallback
 .text.HAL_TIM_OC_DelayElapsedCallback
                0x0000000008003f62        0x2 Drivers/STM32F1xx_HAL_Driver/Src/stm32f1xx_hal_tim.o
                0x0000000008003f62                HAL_TIM_OC_DelayElapsedCallback
 .text.HAL_TIM_IC_CaptureCallback
                0x0000000008003f64        0x2 Drivers/STM32F1xx_HAL_Driver/Src/stm32f1xx_hal_tim.o
                0x0000000008003f64                HAL_TIM_IC_CaptureCallback
 .text.HAL_TIM_PWM_PulseFinishedCallback
                0x0000000008003f66        0x2 Drivers/STM32F1xx_HAL_Driver/Src/stm32f1xx_hal_tim.o
                0x0000000008003f66                HAL_TIM_PWM_PulseFinishedCallback
 .text.HAL_TIM_TriggerCallback
                0x0000000008003f68        0x2 Drivers/STM32F1xx_HAL_Driver/Src/stm32f1xx_hal_tim.o
                0x0000000008003f68                HAL_TIM_TriggerCallback
 .text.HAL_TIM_IRQHandler
                0x0000000008003f6a      0x17a Drivers/STM32F1xx_HAL_Driver/Src/stm32f1xx_hal_tim.o
                0x0000000008003f6a                HAL_TIM_IRQHandler
 .text.TIM_Base_SetConfig
                0x00000000080040e4       0x90 Drivers/STM32F1xx_HAL_Driver/Src/stm32f1xx_hal_tim.o
                0x00000000080040e4                TIM_Base_SetConfig
 .text.HAL_TIM_Base_Init
                0x0000000008004174       0x56 Drivers/STM32F1xx_HAL_Driver/Src/stm32f1xx_hal_tim.o
                0x0000000008004174                HAL_TIM_Base_Init
 .text.HAL_TIM_PWM_Init
                0x00000000080041ca       0x56 Drivers/STM32F1xx_HAL_Driver/Src/stm32f1xx_hal_tim.o
                0x00000000080041ca                HAL_TIM_PWM_Init
 .text.TIM_OC2_SetConfig
                0x0000000008004220       0x6c Drivers/STM32F1xx_HAL_Driver/Src/stm32f1xx_hal_tim.o
                0x0000000008004220                TIM_OC2_SetConfig
 .text.HAL_TIM_PWM_ConfigChannel
                0x000000000800428c       0xd0 Drivers/STM32F1xx_HAL_Driver/Src/stm32f1xx_hal_tim.o
                0x000000000800428c                HAL_TIM_PWM_ConfigChannel
 .text.TIM_ETR_SetConfig
                0x000000000800435c       0x16 Drivers/STM32F1xx_HAL_Driver/Src/stm32f1xx_hal_tim.o
                0x000000000800435c                TIM_ETR_SetConfig
 .text.HAL_TIM_ConfigClockSource
                0x0000000008004372       0xda Drivers/STM32F1xx_HAL_Driver/Src/stm32f1xx_hal_tim.o
                0x0000000008004372                HAL_TIM_ConfigClockSource
 .text.TIM_CCxChannelCmd
                0x000000000800444c       0x20 Drivers/STM32F1xx_HAL_Driver/Src/stm32f1xx_hal_tim.o
                0x000000000800444c                TIM_CCxChannelCmd
 .text.HAL_TIM_PWM_Start
                0x000000000800446c       0xf6 Drivers/STM32F1xx_HAL_Driver/Src/stm32f1xx_hal_tim.o
                0x000000000800446c                HAL_TIM_PWM_Start
 .text.HAL_TIMEx_MasterConfigSynchronization
                0x0000000008004562       0x72 Drivers/STM32F1xx_HAL_Driver/Src/stm32f1xx_hal_tim_ex.o
                0x0000000008004562                HAL_TIMEx_MasterConfigSynchronization
 .text.HAL_TIMEx_CommutCallback
                0x00000000080045d4        0x2 Drivers/STM32F1xx_HAL_Driver/Src/stm32f1xx_hal_tim_ex.o
                0x00000000080045d4                HAL_TIMEx_CommutCallback
 .text.HAL_TIMEx_BreakCallback
                0x00000000080045d6        0x2 Drivers/STM32F1xx_HAL_Driver/Src/stm32f1xx_hal_tim_ex.o
                0x00000000080045d6                HAL_TIMEx_BreakCallback
 .text.USB_CoreInit
                0x00000000080045d8        0xe Drivers/STM32F1xx_HAL_Driver/Src/stm32f1xx_ll_usb.o
                0x00000000080045d8                USB_CoreInit
 .text.USB_EnableGlobalInt
                0x00000000080045e6       0x12 Drivers/STM32F1xx_HAL_Driver/Src/stm32f1xx_ll_usb.o
                0x00000000080045e6                USB_EnableGlobalInt
 .text.USB_DisableGlobalInt
                0x00000000080045f8       0x14 Drivers/STM32F1xx_HAL_Driver/Src/stm32f1xx_ll_usb.o
                0x00000000080045f8                USB_DisableGlobalInt
 .text.USB_SetCurrentMode
                0x000000000800460c        0x4 Drivers/STM32F1xx_HAL_Driver/Src/stm32f1xx_ll_usb.o
                0x000000000800460c                USB_SetCurrentMode
 .text.USB_DevInit
                0x0000000008004610       0x26 Drivers/STM32F1xx_HAL_Driver/Src/stm32f1xx_ll_usb.o
                0x0000000008004610                USB_DevInit
 .text.USB_ActivateEndpoint
                0x0000000008004636      0x330 Drivers/STM32F1xx_HAL_Driver/Src/stm32f1xx_ll_usb.o
                0x0000000008004636                USB_ActivateEndpoint
 .text.USB_DeactivateEndpoint
                0x0000000008004966      0x1d4 Drivers/STM32F1xx_HAL_Driver/Src/stm32f1xx_ll_usb.o
                0x0000000008004966                USB_DeactivateEndpoint
 .text.USB_EPSetStall
                0x0000000008004b3a       0x4a Drivers/STM32F1xx_HAL_Driver/Src/stm32f1xx_ll_usb.o
                0x0000000008004b3a                USB_EPSetStall
 .text.USB_EPClearStall
                0x0000000008004b84       0xa2 Drivers/STM32F1xx_HAL_Driver/Src/stm32f1xx_ll_usb.o
                0x0000000008004b84                USB_EPClearStall
 .text.USB_SetDevAddress
                0x0000000008004c26        0xc Drivers/STM32F1xx_HAL_Driver/Src/stm32f1xx_ll_usb.o
                0x0000000008004c26                USB_SetDevAddress
 .text.USB_DevConnect
                0x0000000008004c32        0x4 Drivers/STM32F1xx_HAL_Driver/Src/stm32f1xx_ll_usb.o
                0x0000000008004c32                USB_DevConnect
 .text.USB_DevDisconnect
                0x0000000008004c36        0x4 Drivers/STM32F1xx_HAL_Driver/Src/stm32f1xx_ll_usb.o
                0x0000000008004c36                USB_DevDisconnect
 .text.USB_ReadInterrupts
                0x0000000008004c3a        0x6 Drivers/STM32F1xx_HAL_Driver/Src/stm32f1xx_ll_usb.o
                0x0000000008004c3a                USB_ReadInterrupts
 .text.USB_EP0_OutStart
                0x0000000008004c40        0x4 Drivers/STM32F1xx_HAL_Driver/Src/stm32f1xx_ll_usb.o
                0x0000000008004c40                USB_EP0_OutStart
 .text.USB_WritePMA
                0x0000000008004c44       0x2a Drivers/STM32F1xx_HAL_Driver/Src/stm32f1xx_ll_usb.o
                0x0000000008004c44                USB_WritePMA
 .text.USB_EPStartXfer
                0x0000000008004c6e      0x720 Drivers/STM32F1xx_HAL_Driver/Src/stm32f1xx_ll_usb.o
                0x0000000008004c6e                USB_EPStartXfer
 .text.USB_ReadPMA
                0x000000000800538e       0x30 Drivers/STM32F1xx_HAL_Driver/Src/stm32f1xx_ll_usb.o
                0x000000000800538e                USB_ReadPMA
 .text.USBD_CDC_EP0_RxReady
                0x00000000080053be       0x28 Middlewares/ST/STM32_USB_Device_Library/Class/CDC/Src/usbd_cdc.o
 .text.USBD_CDC_GetFSCfgDesc
                0x00000000080053e6        0xe Middlewares/ST/STM32_USB_Device_Library/Class/CDC/Src/usbd_cdc.o
 .text.USBD_CDC_GetHSCfgDesc
                0x00000000080053f4        0xe Middlewares/ST/STM32_USB_Device_Library/Class/CDC/Src/usbd_cdc.o
 .text.USBD_CDC_GetOtherSpeedCfgDesc
                0x0000000008005402        0xe Middlewares/ST/STM32_USB_Device_Library/Class/CDC/Src/usbd_cdc.o
 .text.USBD_CDC_GetDeviceQualifierDescriptor
                0x0000000008005410        0xe Middlewares/ST/STM32_USB_Device_Library/Class/CDC/Src/usbd_cdc.o
                0x0000000008005410                USBD_CDC_GetDeviceQualifierDescriptor
 .text.USBD_CDC_DataOut
                0x000000000800541e       0x2e Middlewares/ST/STM32_USB_Device_Library/Class/CDC/Src/usbd_cdc.o
 .text.USBD_CDC_DataIn
                0x000000000800544c       0x50 Middlewares/ST/STM32_USB_Device_Library/Class/CDC/Src/usbd_cdc.o
 .text.USBD_CDC_Setup
                0x000000000800549c       0xda Middlewares/ST/STM32_USB_Device_Library/Class/CDC/Src/usbd_cdc.o
 .text.USBD_CDC_DeInit
                0x0000000008005576       0x42 Middlewares/ST/STM32_USB_Device_Library/Class/CDC/Src/usbd_cdc.o
 .text.USBD_CDC_Init
                0x00000000080055b8       0xaa Middlewares/ST/STM32_USB_Device_Library/Class/CDC/Src/usbd_cdc.o
 .text.USBD_CDC_RegisterInterface
                0x0000000008005662        0xe Middlewares/ST/STM32_USB_Device_Library/Class/CDC/Src/usbd_cdc.o
                0x0000000008005662                USBD_CDC_RegisterInterface
 .text.USBD_CDC_SetTxBuffer
                0x0000000008005670       0x10 Middlewares/ST/STM32_USB_Device_Library/Class/CDC/Src/usbd_cdc.o
                0x0000000008005670                USBD_CDC_SetTxBuffer
 .text.USBD_CDC_SetRxBuffer
                0x0000000008005680        0xc Middlewares/ST/STM32_USB_Device_Library/Class/CDC/Src/usbd_cdc.o
                0x0000000008005680                USBD_CDC_SetRxBuffer
 .text.USBD_CDC_TransmitPacket
                0x000000000800568c       0x34 Middlewares/ST/STM32_USB_Device_Library/Class/CDC/Src/usbd_cdc.o
                0x000000000800568c                USBD_CDC_TransmitPacket
 .text.USBD_CDC_ReceivePacket
                0x00000000080056c0       0x32 Middlewares/ST/STM32_USB_Device_Library/Class/CDC/Src/usbd_cdc.o
                0x00000000080056c0                USBD_CDC_ReceivePacket
 .text.USBD_Init
                0x00000000080056f2       0x2e Middlewares/ST/STM32_USB_Device_Library/Core/Src/usbd_core.o
                0x00000000080056f2                USBD_Init
 .text.USBD_RegisterClass
                0x0000000008005720        0xe Middlewares/ST/STM32_USB_Device_Library/Core/Src/usbd_core.o
                0x0000000008005720                USBD_RegisterClass
 .text.USBD_Start
                0x000000000800572e        0xa Middlewares/ST/STM32_USB_Device_Library/Core/Src/usbd_core.o
                0x000000000800572e                USBD_Start
 .text.USBD_SetClassConfig
                0x0000000008005738       0x1a Middlewares/ST/STM32_USB_Device_Library/Core/Src/usbd_core.o
                0x0000000008005738                USBD_SetClassConfig
 .text.USBD_ClrClassConfig
                0x0000000008005752        0xe Middlewares/ST/STM32_USB_Device_Library/Core/Src/usbd_core.o
                0x0000000008005752                USBD_ClrClassConfig
 .text.USBD_LL_SetupStage
                0x0000000008005760       0x5a Middlewares/ST/STM32_USB_Device_Library/Core/Src/usbd_core.o
                0x0000000008005760                USBD_LL_SetupStage
 .text.USBD_LL_DataOutStage
                0x00000000080057ba       0x92 Middlewares/ST/STM32_USB_Device_Library/Core/Src/usbd_core.o
                0x00000000080057ba                USBD_LL_DataOutStage
 .text.USBD_LL_DataInStage
                0x000000000800584c       0xd2 Middlewares/ST/STM32_USB_Device_Library/Core/Src/usbd_core.o
                0x000000000800584c                USBD_LL_DataInStage
 .text.USBD_LL_Reset
                0x000000000800591e       0x50 Middlewares/ST/STM32_USB_Device_Library/Core/Src/usbd_core.o
                0x000000000800591e                USBD_LL_Reset
 .text.USBD_LL_SetSpeed
                0x000000000800596e        0x6 Middlewares/ST/STM32_USB_Device_Library/Core/Src/usbd_core.o
                0x000000000800596e                USBD_LL_SetSpeed
 .text.USBD_LL_Suspend
                0x0000000008005974       0x12 Middlewares/ST/STM32_USB_Device_Library/Core/Src/usbd_core.o
                0x0000000008005974                USBD_LL_Suspend
 .text.USBD_LL_Resume
                0x0000000008005986       0x16 Middlewares/ST/STM32_USB_Device_Library/Core/Src/usbd_core.o
                0x0000000008005986                USBD_LL_Resume
 .text.USBD_LL_SOF
                0x000000000800599c       0x1c Middlewares/ST/STM32_USB_Device_Library/Core/Src/usbd_core.o
                0x000000000800599c                USBD_LL_SOF
 .text.USBD_GetLen
                0x00000000080059b8       0x14 Middlewares/ST/STM32_USB_Device_Library/Core/Src/usbd_ctlreq.o
 .text.USBD_SetFeature
                0x00000000080059cc       0x14 Middlewares/ST/STM32_USB_Device_Library/Core/Src/usbd_ctlreq.o
 .text.USBD_ParseSetupRequest
                0x00000000080059e0       0x28 Middlewares/ST/STM32_USB_Device_Library/Core/Src/usbd_ctlreq.o
                0x00000000080059e0                USBD_ParseSetupRequest
 .text.USBD_CtlError
                0x0000000008005a08       0x14 Middlewares/ST/STM32_USB_Device_Library/Core/Src/usbd_ctlreq.o
                0x0000000008005a08                USBD_CtlError
 .text.USBD_GetDescriptor
                0x0000000008005a1c      0x186 Middlewares/ST/STM32_USB_Device_Library/Core/Src/usbd_ctlreq.o
 .text.USBD_SetAddress
                0x0000000008005ba2       0x4e Middlewares/ST/STM32_USB_Device_Library/Core/Src/usbd_ctlreq.o
 .text.USBD_SetConfig
                0x0000000008005bf0       0xbc Middlewares/ST/STM32_USB_Device_Library/Core/Src/usbd_ctlreq.o
 .text.USBD_GetConfig
                0x0000000008005cac       0x3c Middlewares/ST/STM32_USB_Device_Library/Core/Src/usbd_ctlreq.o
 .text.USBD_GetStatus
                0x0000000008005ce8       0x38 Middlewares/ST/STM32_USB_Device_Library/Core/Src/usbd_ctlreq.o
 .text.USBD_ClrFeature
                0x0000000008005d20       0x26 Middlewares/ST/STM32_USB_Device_Library/Core/Src/usbd_ctlreq.o
 .text.USBD_StdDevReq
                0x0000000008005d46       0x68 Middlewares/ST/STM32_USB_Device_Library/Core/Src/usbd_ctlreq.o
                0x0000000008005d46                USBD_StdDevReq
 .text.USBD_StdItfReq
                0x0000000008005dae       0x60 Middlewares/ST/STM32_USB_Device_Library/Core/Src/usbd_ctlreq.o
                0x0000000008005dae                USBD_StdItfReq
 .text.USBD_StdEPReq
                0x0000000008005e0e      0x20e Middlewares/ST/STM32_USB_Device_Library/Core/Src/usbd_ctlreq.o
                0x0000000008005e0e                USBD_StdEPReq
 .text.USBD_GetString
                0x000000000800601c       0x38 Middlewares/ST/STM32_USB_Device_Library/Core/Src/usbd_ctlreq.o
                0x000000000800601c                USBD_GetString
 .text.USBD_CtlSendData
                0x0000000008006054       0x1a Middlewares/ST/STM32_USB_Device_Library/Core/Src/usbd_ioreq.o
                0x0000000008006054                USBD_CtlSendData
 .text.USBD_CtlContinueSendData
                0x000000000800606e       0x10 Middlewares/ST/STM32_USB_Device_Library/Core/Src/usbd_ioreq.o
                0x000000000800606e                USBD_CtlContinueSendData
 .text.USBD_CtlPrepareRx
                0x000000000800607e       0x1e Middlewares/ST/STM32_USB_Device_Library/Core/Src/usbd_ioreq.o
                0x000000000800607e                USBD_CtlPrepareRx
 .text.USBD_CtlContinueRx
                0x000000000800609c       0x10 Middlewares/ST/STM32_USB_Device_Library/Core/Src/usbd_ioreq.o
                0x000000000800609c                USBD_CtlContinueRx
 .text.USBD_CtlSendStatus
                0x00000000080060ac       0x16 Middlewares/ST/STM32_USB_Device_Library/Core/Src/usbd_ioreq.o
                0x00000000080060ac                USBD_CtlSendStatus
 .text.USBD_CtlReceiveStatus
                0x00000000080060c2       0x16 Middlewares/ST/STM32_USB_Device_Library/Core/Src/usbd_ioreq.o
                0x00000000080060c2                USBD_CtlReceiveStatus
 .text.MX_USB_DEVICE_Init
                0x00000000080060d8       0x6e USB_DEVICE/App/usb_device.o
                0x00000000080060d8                MX_USB_DEVICE_Init
 .text.CDC_DeInit_FS
                0x0000000008006146        0x4 USB_DEVICE/App/usbd_cdc_if.o
 .text.CDC_Control_FS
                0x000000000800614a        0x4 USB_DEVICE/App/usbd_cdc_if.o
 .text.CDC_Receive_FS
                0x000000000800614e       0x4a USB_DEVICE/App/usbd_cdc_if.o
 .text.CDC_Init_FS
                0x0000000008006198       0x2c USB_DEVICE/App/usbd_cdc_if.o
 .text.CDC_Transmit_FS
                0x00000000080061c4       0x32 USB_DEVICE/App/usbd_cdc_if.o
                0x00000000080061c4                CDC_Transmit_FS
 .text.USBD_FS_DeviceDescriptor
                0x00000000080061f6        0xe USB_DEVICE/App/usbd_desc.o
                0x00000000080061f6                USBD_FS_DeviceDescriptor
 .text.USBD_FS_LangIDStrDescriptor
                0x0000000008006204        0xe USB_DEVICE/App/usbd_desc.o
                0x0000000008006204                USBD_FS_LangIDStrDescriptor
 .text.IntToUnicode
                0x0000000008006212       0x36 USB_DEVICE/App/usbd_desc.o
 .text.Get_SerialNum
                0x0000000008006248       0x44 USB_DEVICE/App/usbd_desc.o
 .text.USBD_FS_SerialStrDescriptor
                0x000000000800628c       0x14 USB_DEVICE/App/usbd_desc.o
                0x000000000800628c                USBD_FS_SerialStrDescriptor
 .text.USBD_FS_ProductStrDescriptor
                0x00000000080062a0       0x3a USB_DEVICE/App/usbd_desc.o
                0x00000000080062a0                USBD_FS_ProductStrDescriptor
 .text.USBD_FS_ManufacturerStrDescriptor
                0x00000000080062da       0x1e USB_DEVICE/App/usbd_desc.o
                0x00000000080062da                USBD_FS_ManufacturerStrDescriptor
 .text.USBD_FS_ConfigStrDescriptor
                0x00000000080062f8       0x3a USB_DEVICE/App/usbd_desc.o
                0x00000000080062f8                USBD_FS_ConfigStrDescriptor
 .text.USBD_FS_InterfaceStrDescriptor
                0x0000000008006332       0x3a USB_DEVICE/App/usbd_desc.o
                0x0000000008006332                USBD_FS_InterfaceStrDescriptor
 .text.USBD_Get_USB_Status
                0x000000000800636c       0x12 USB_DEVICE/Target/usbd_conf.o
 .text.HAL_PCD_MspInit
                0x000000000800637e       0x44 USB_DEVICE/Target/usbd_conf.o
                0x000000000800637e                HAL_PCD_MspInit
 .text.HAL_PCD_SetupStageCallback
                0x00000000080063c2       0x10 USB_DEVICE/Target/usbd_conf.o
                0x00000000080063c2                HAL_PCD_SetupStageCallback
 .text.HAL_PCD_DataOutStageCallback
                0x00000000080063d2       0x18 USB_DEVICE/Target/usbd_conf.o
                0x00000000080063d2                HAL_PCD_DataOutStageCallback
 .text.HAL_PCD_DataInStageCallback
                0x00000000080063ea       0x16 USB_DEVICE/Target/usbd_conf.o
                0x00000000080063ea                HAL_PCD_DataInStageCallback
 .text.HAL_PCD_SOFCallback
                0x0000000008006400        0xc USB_DEVICE/Target/usbd_conf.o
                0x0000000008006400                HAL_PCD_SOFCallback
 .text.HAL_PCD_ResetCallback
                0x000000000800640c       0x22 USB_DEVICE/Target/usbd_conf.o
                0x000000000800640c                HAL_PCD_ResetCallback
 .text.HAL_PCD_SuspendCallback
                0x000000000800642e       0x22 USB_DEVICE/Target/usbd_conf.o
                0x000000000800642e                HAL_PCD_SuspendCallback
 .text.HAL_PCD_ResumeCallback
                0x0000000008006450        0xc USB_DEVICE/Target/usbd_conf.o
                0x0000000008006450                HAL_PCD_ResumeCallback
 .text.USBD_LL_Init
                0x000000000800645c       0x88 USB_DEVICE/Target/usbd_conf.o
                0x000000000800645c                USBD_LL_Init
 .text.USBD_LL_Start
                0x00000000080064e4       0x10 USB_DEVICE/Target/usbd_conf.o
                0x00000000080064e4                USBD_LL_Start
 .text.USBD_LL_OpenEP
                0x00000000080064f4       0x16 USB_DEVICE/Target/usbd_conf.o
                0x00000000080064f4                USBD_LL_OpenEP
 .text.USBD_LL_CloseEP
                0x000000000800650a       0x10 USB_DEVICE/Target/usbd_conf.o
                0x000000000800650a                USBD_LL_CloseEP
 .text.USBD_LL_StallEP
                0x000000000800651a       0x10 USB_DEVICE/Target/usbd_conf.o
                0x000000000800651a                USBD_LL_StallEP
 .text.USBD_LL_ClearStallEP
                0x000000000800652a       0x10 USB_DEVICE/Target/usbd_conf.o
                0x000000000800652a                USBD_LL_ClearStallEP
 .text.USBD_LL_IsStallEP
                0x000000000800653a       0x2e USB_DEVICE/Target/usbd_conf.o
                0x000000000800653a                USBD_LL_IsStallEP
 .text.USBD_LL_SetUSBAddress
                0x0000000008006568       0x10 USB_DEVICE/Target/usbd_conf.o
                0x0000000008006568                USBD_LL_SetUSBAddress
 .text.USBD_LL_Transmit
                0x0000000008006578       0x10 USB_DEVICE/Target/usbd_conf.o
                0x0000000008006578                USBD_LL_Transmit
 .text.USBD_LL_PrepareReceive
                0x0000000008006588       0x10 USB_DEVICE/Target/usbd_conf.o
                0x0000000008006588                USBD_LL_PrepareReceive
 .text.USBD_LL_GetRxDataSize
                0x0000000008006598        0xc USB_DEVICE/Target/usbd_conf.o
                0x0000000008006598                USBD_LL_GetRxDataSize
 .text.USBD_static_malloc
                0x00000000080065a4        0xa USB_DEVICE/Target/usbd_conf.o
                0x00000000080065a4                USBD_static_malloc
 .text.USBD_static_free
                0x00000000080065ae        0x2 USB_DEVICE/Target/usbd_conf.o
                0x00000000080065ae                USBD_static_free
 .text.HAL_PCDEx_SetConnectionState
                0x00000000080065b0        0x2 USB_DEVICE/Target/usbd_conf.o
                0x00000000080065b0                HAL_PCDEx_SetConnectionState
 .text.atoi     0x00000000080065b2        0x8 d:/st/stm32cubeide_1.0.2/stm32cubeide/plugins/com.st.stm32cube.ide.mcu.externaltools.gnu-tools-for-stm32.7-2018-q2-update.win32_1.5.0.202011040924/tools/bin/../lib/gcc/arm-none-eabi/7.3.1/../../../../arm-none-eabi/lib/thumb/v7-m\libc_nano.a(lib_a-atoi.o)
                0x00000000080065b2                atoi
 *fill*         0x00000000080065ba        0x2 
 .text.__libc_init_array
                0x00000000080065bc       0x48 d:/st/stm32cubeide_1.0.2/stm32cubeide/plugins/com.st.stm32cube.ide.mcu.externaltools.gnu-tools-for-stm32.7-2018-q2-update.win32_1.5.0.202011040924/tools/bin/../lib/gcc/arm-none-eabi/7.3.1/../../../../arm-none-eabi/lib/thumb/v7-m\libc_nano.a(lib_a-init.o)
                0x00000000080065bc                __libc_init_array
 .text.__itoa   0x0000000008006604       0x30 d:/st/stm32cubeide_1.0.2/stm32cubeide/plugins/com.st.stm32cube.ide.mcu.externaltools.gnu-tools-for-stm32.7-2018-q2-update.win32_1.5.0.202011040924/tools/bin/../lib/gcc/arm-none-eabi/7.3.1/../../../../arm-none-eabi/lib/thumb/v7-m\libc_nano.a(lib_a-itoa.o)
                0x0000000008006604                __itoa
 .text.itoa     0x0000000008006634        0x4 d:/st/stm32cubeide_1.0.2/stm32cubeide/plugins/com.st.stm32cube.ide.mcu.externaltools.gnu-tools-for-stm32.7-2018-q2-update.win32_1.5.0.202011040924/tools/bin/../lib/gcc/arm-none-eabi/7.3.1/../../../../arm-none-eabi/lib/thumb/v7-m\libc_nano.a(lib_a-itoa.o)
                0x0000000008006634                itoa
 .text.memcpy   0x0000000008006638       0x16 d:/st/stm32cubeide_1.0.2/stm32cubeide/plugins/com.st.stm32cube.ide.mcu.externaltools.gnu-tools-for-stm32.7-2018-q2-update.win32_1.5.0.202011040924/tools/bin/../lib/gcc/arm-none-eabi/7.3.1/../../../../arm-none-eabi/lib/thumb/v7-m\libc_nano.a(lib_a-memcpy-stub.o)
                0x0000000008006638                memcpy
 .text._strtol_l.isra.0
                0x000000000800664e       0xf6 d:/st/stm32cubeide_1.0.2/stm32cubeide/plugins/com.st.stm32cube.ide.mcu.externaltools.gnu-tools-for-stm32.7-2018-q2-update.win32_1.5.0.202011040924/tools/bin/../lib/gcc/arm-none-eabi/7.3.1/../../../../arm-none-eabi/lib/thumb/v7-m\libc_nano.a(lib_a-strtol.o)
 .text.strtol   0x0000000008006744       0x2c d:/st/stm32cubeide_1.0.2/stm32cubeide/plugins/com.st.stm32cube.ide.mcu.externaltools.gnu-tools-for-stm32.7-2018-q2-update.win32_1.5.0.202011040924/tools/bin/../lib/gcc/arm-none-eabi/7.3.1/../../../../arm-none-eabi/lib/thumb/v7-m\libc_nano.a(lib_a-strtol.o)
                0x0000000008006744                strtol
 .text.__utoa   0x0000000008006770       0x7c d:/st/stm32cubeide_1.0.2/stm32cubeide/plugins/com.st.stm32cube.ide.mcu.externaltools.gnu-tools-for-stm32.7-2018-q2-update.win32_1.5.0.202011040924/tools/bin/../lib/gcc/arm-none-eabi/7.3.1/../../../../arm-none-eabi/lib/thumb/v7-m\libc_nano.a(lib_a-utoa.o)
                0x0000000008006770                __utoa
 .text.__locale_ctype_ptr_l
                0x00000000080067ec        0x6 d:/st/stm32cubeide_1.0.2/stm32cubeide/plugins/com.st.stm32cube.ide.mcu.externaltools.gnu-tools-for-stm32.7-2018-q2-update.win32_1.5.0.202011040924/tools/bin/../lib/gcc/arm-none-eabi/7.3.1/../../../../arm-none-eabi/lib/thumb/v7-m\libc_nano.a(lib_a-locale.o)
                0x00000000080067ec                __locale_ctype_ptr_l
 .text.__ascii_mbtowc
                0x00000000080067f2       0x24 d:/st/stm32cubeide_1.0.2/stm32cubeide/plugins/com.st.stm32cube.ide.mcu.externaltools.gnu-tools-for-stm32.7-2018-q2-update.win32_1.5.0.202011040924/tools/bin/../lib/gcc/arm-none-eabi/7.3.1/../../../../arm-none-eabi/lib/thumb/v7-m\libc_nano.a(lib_a-mbtowc_r.o)
                0x00000000080067f2                __ascii_mbtowc
 .text.__ascii_wctomb
                0x0000000008006816       0x1a d:/st/stm32cubeide_1.0.2/stm32cubeide/plugins/com.st.stm32cube.ide.mcu.externaltools.gnu-tools-for-stm32.7-2018-q2-update.win32_1.5.0.202011040924/tools/bin/../lib/gcc/arm-none-eabi/7.3.1/../../../../arm-none-eabi/lib/thumb/v7-m\libc_nano.a(lib_a-wctomb_r.o)
                0x0000000008006816                __ascii_wctomb
 *(.glue_7)
 .glue_7        0x0000000008006830        0x0 linker stubs
 *(.glue_7t)
 .glue_7t       0x0000000008006830        0x0 linker stubs
 *(.eh_frame)
 .eh_frame      0x0000000008006830        0x0 d:/st/stm32cubeide_1.0.2/stm32cubeide/plugins/com.st.stm32cube.ide.mcu.externaltools.gnu-tools-for-stm32.7-2018-q2-update.win32_1.5.0.202011040924/tools/bin/../lib/gcc/arm-none-eabi/7.3.1/thumb/v7-m/crtbegin.o
 *(.init)
 .init          0x0000000008006830        0x4 d:/st/stm32cubeide_1.0.2/stm32cubeide/plugins/com.st.stm32cube.ide.mcu.externaltools.gnu-tools-for-stm32.7-2018-q2-update.win32_1.5.0.202011040924/tools/bin/../lib/gcc/arm-none-eabi/7.3.1/thumb/v7-m/crti.o
                0x0000000008006830                _init
 .init          0x0000000008006834        0x8 d:/st/stm32cubeide_1.0.2/stm32cubeide/plugins/com.st.stm32cube.ide.mcu.externaltools.gnu-tools-for-stm32.7-2018-q2-update.win32_1.5.0.202011040924/tools/bin/../lib/gcc/arm-none-eabi/7.3.1/thumb/v7-m/crtn.o
 *(.fini)
 .fini          0x000000000800683c        0x4 d:/st/stm32cubeide_1.0.2/stm32cubeide/plugins/com.st.stm32cube.ide.mcu.externaltools.gnu-tools-for-stm32.7-2018-q2-update.win32_1.5.0.202011040924/tools/bin/../lib/gcc/arm-none-eabi/7.3.1/thumb/v7-m/crti.o
                0x000000000800683c                _fini
 .fini          0x0000000008006840        0x8 d:/st/stm32cubeide_1.0.2/stm32cubeide/plugins/com.st.stm32cube.ide.mcu.externaltools.gnu-tools-for-stm32.7-2018-q2-update.win32_1.5.0.202011040924/tools/bin/../lib/gcc/arm-none-eabi/7.3.1/thumb/v7-m/crtn.o
                0x0000000008006848                . = ALIGN (0x4)
                0x0000000008006848                _etext = .

.vfp11_veneer   0x0000000008006848        0x0
 .vfp11_veneer  0x0000000008006848        0x0 linker stubs

.v4_bx          0x0000000008006848        0x0
 .v4_bx         0x0000000008006848        0x0 linker stubs

.iplt           0x0000000008006848        0x0
 .iplt          0x0000000008006848        0x0 d:/st/stm32cubeide_1.0.2/stm32cubeide/plugins/com.st.stm32cube.ide.mcu.externaltools.gnu-tools-for-stm32.7-2018-q2-update.win32_1.5.0.202011040924/tools/bin/../lib/gcc/arm-none-eabi/7.3.1/thumb/v7-m/crtbegin.o

.rodata         0x0000000008006848      0x194
                0x0000000008006848                . = ALIGN (0x4)
 *(.rodata)
 .rodata        0x0000000008006848       0x12 Drivers/STM32F1xx_HAL_Driver/Src/stm32f1xx_hal_rcc.o
 *(.rodata*)
 *fill*         0x000000000800685a        0x2 
 .rodata.main.str1.4
                0x000000000800685c        0x2 Core/Src/main.o
 *fill*         0x000000000800685e        0x2 
 .rodata.AHBPrescTable
                0x0000000008006860       0x10 Core/Src/system_stm32f1xx.o
                0x0000000008006860                AHBPrescTable
 .rodata.APBPrescTable
                0x0000000008006870        0x8 Core/Src/system_stm32f1xx.o
                0x0000000008006870                APBPrescTable
 .rodata.USBD_FS_ConfigStrDescriptor.str1.4
                0x0000000008006878        0xb USB_DEVICE/App/usbd_desc.o
 *fill*         0x0000000008006883        0x1 
 .rodata.USBD_FS_InterfaceStrDescriptor.str1.4
                0x0000000008006884        0xe USB_DEVICE/App/usbd_desc.o
 *fill*         0x0000000008006892        0x2 
 .rodata.USBD_FS_ManufacturerStrDescriptor.str1.4
                0x0000000008006894        0xc USB_DEVICE/App/usbd_desc.o
 .rodata.USBD_FS_ProductStrDescriptor.str1.4
                0x00000000080068a0        0xc USB_DEVICE/App/usbd_desc.o
                                          0xb (size before relaxing)
 .rodata.__utoa.str1.1
                0x00000000080068ac       0x25 d:/st/stm32cubeide_1.0.2/stm32cubeide/plugins/com.st.stm32cube.ide.mcu.externaltools.gnu-tools-for-stm32.7-2018-q2-update.win32_1.5.0.202011040924/tools/bin/../lib/gcc/arm-none-eabi/7.3.1/../../../../arm-none-eabi/lib/thumb/v7-m\libc_nano.a(lib_a-utoa.o)
 .rodata._setlocale_r.str1.1
                0x00000000080068d1        0x8 d:/st/stm32cubeide_1.0.2/stm32cubeide/plugins/com.st.stm32cube.ide.mcu.externaltools.gnu-tools-for-stm32.7-2018-q2-update.win32_1.5.0.202011040924/tools/bin/../lib/gcc/arm-none-eabi/7.3.1/../../../../arm-none-eabi/lib/thumb/v7-m\libc_nano.a(lib_a-locale.o)
                                          0x9 (size before relaxing)
 .rodata.str1.1
                0x00000000080068d9        0x2 d:/st/stm32cubeide_1.0.2/stm32cubeide/plugins/com.st.stm32cube.ide.mcu.externaltools.gnu-tools-for-stm32.7-2018-q2-update.win32_1.5.0.202011040924/tools/bin/../lib/gcc/arm-none-eabi/7.3.1/../../../../arm-none-eabi/lib/thumb/v7-m\libc_nano.a(lib_a-locale.o)
 .rodata._ctype_
                0x00000000080068db      0x101 d:/st/stm32cubeide_1.0.2/stm32cubeide/plugins/com.st.stm32cube.ide.mcu.externaltools.gnu-tools-for-stm32.7-2018-q2-update.win32_1.5.0.202011040924/tools/bin/../lib/gcc/arm-none-eabi/7.3.1/../../../../arm-none-eabi/lib/thumb/v7-m\libc_nano.a(lib_a-ctype_.o)
                0x00000000080068db                _ctype_
                0x00000000080069dc                . = ALIGN (0x4)

.rel.dyn        0x00000000080069dc        0x0
 .rel.iplt      0x00000000080069dc        0x0 d:/st/stm32cubeide_1.0.2/stm32cubeide/plugins/com.st.stm32cube.ide.mcu.externaltools.gnu-tools-for-stm32.7-2018-q2-update.win32_1.5.0.202011040924/tools/bin/../lib/gcc/arm-none-eabi/7.3.1/thumb/v7-m/crtbegin.o

.ARM.extab      0x00000000080069dc        0x0
                0x00000000080069dc                . = ALIGN (0x4)
 *(.ARM.extab* .gnu.linkonce.armextab.*)
                0x00000000080069dc                . = ALIGN (0x4)

.ARM            0x00000000080069dc        0x0
                0x00000000080069dc                . = ALIGN (0x4)
                0x00000000080069dc                __exidx_start = .
 *(.ARM.exidx*)
                0x00000000080069dc                __exidx_end = .
                0x00000000080069dc                . = ALIGN (0x4)

.preinit_array  0x00000000080069dc        0x0
                0x00000000080069dc                . = ALIGN (0x4)
                0x00000000080069dc                PROVIDE (__preinit_array_start = .)
 *(.preinit_array*)
                0x00000000080069dc                PROVIDE (__preinit_array_end = .)
                0x00000000080069dc                . = ALIGN (0x4)

.init_array     0x00000000080069dc        0x4
                0x00000000080069dc                . = ALIGN (0x4)
                0x00000000080069dc                PROVIDE (__init_array_start = .)
 *(SORT_BY_NAME(.init_array.*))
 *(.init_array*)
 .init_array    0x00000000080069dc        0x4 d:/st/stm32cubeide_1.0.2/stm32cubeide/plugins/com.st.stm32cube.ide.mcu.externaltools.gnu-tools-for-stm32.7-2018-q2-update.win32_1.5.0.202011040924/tools/bin/../lib/gcc/arm-none-eabi/7.3.1/thumb/v7-m/crtbegin.o
                0x00000000080069e0                PROVIDE (__init_array_end = .)
                0x00000000080069e0                . = ALIGN (0x4)

.fini_array     0x00000000080069e0        0x4
                0x00000000080069e0                . = ALIGN (0x4)
                [!provide]                        PROVIDE (__fini_array_start = .)
 *(SORT_BY_NAME(.fini_array.*))
 *(.fini_array*)
 .fini_array    0x00000000080069e0        0x4 d:/st/stm32cubeide_1.0.2/stm32cubeide/plugins/com.st.stm32cube.ide.mcu.externaltools.gnu-tools-for-stm32.7-2018-q2-update.win32_1.5.0.202011040924/tools/bin/../lib/gcc/arm-none-eabi/7.3.1/thumb/v7-m/crtbegin.o
                [!provide]                        PROVIDE (__fini_array_end = .)
                0x00000000080069e4                . = ALIGN (0x4)
                0x00000000080069e4                _sidata = LOADADDR (.data)

.data           0x0000000020000000      0x434 load address 0x00000000080069e4
                0x0000000020000000                . = ALIGN (0x4)
                0x0000000020000000                _sdata = .
 *(.data)
 *(.data*)
 .data.yaw      0x0000000020000000        0x2 Core/Src/myLibrary.o
                0x0000000020000000                yaw
 *fill*         0x0000000020000002        0x2 
 .data.SystemCoreClock
                0x0000000020000004        0x4 Core/Src/system_stm32f1xx.o
                0x0000000020000004                SystemCoreClock
 .data.ucDefTuning
                0x0000000020000008       0xa1 Core/Src/tof.o
                0x0000000020000008                ucDefTuning
 *fill*         0x00000000200000a9        0x3 
 .data.ucI2CMode
                0x00000000200000ac        0x9 Core/Src/tof.o
                0x00000000200000ac                ucI2CMode
 *fill*         0x00000000200000b5        0x3 
 .data.ucI2CMode2
                0x00000000200000b8        0x7 Core/Src/tof.o
                0x00000000200000b8                ucI2CMode2
 *fill*         0x00000000200000bf        0x1 
 .data.ucSPAD   0x00000000200000c0        0xb Core/Src/tof.o
                0x00000000200000c0                ucSPAD
 *fill*         0x00000000200000cb        0x1 
 .data.ucSPAD0  0x00000000200000cc        0x9 Core/Src/tof.o
                0x00000000200000cc                ucSPAD0
 *fill*         0x00000000200000d5        0x3 
 .data.ucSPAD1  0x00000000200000d8        0xb Core/Src/tof.o
                0x00000000200000d8                ucSPAD1
 *fill*         0x00000000200000e3        0x1 
 .data.ucSPAD2  0x00000000200000e4        0x9 Core/Src/tof.o
                0x00000000200000e4                ucSPAD2
 .data.uwTickFreq
                0x00000000200000ed        0x1 Drivers/STM32F1xx_HAL_Driver/Src/stm32f1xx_hal.o
                0x00000000200000ed                uwTickFreq
 *fill*         0x00000000200000ee        0x2 
 .data.uwTickPrio
                0x00000000200000f0        0x4 Drivers/STM32F1xx_HAL_Driver/Src/stm32f1xx_hal.o
                0x00000000200000f0                uwTickPrio
 .data.USBD_CDC
                0x00000000200000f4       0x38 Middlewares/ST/STM32_USB_Device_Library/Class/CDC/Src/usbd_cdc.o
                0x00000000200000f4                USBD_CDC
 .data.USBD_CDC_CfgFSDesc
                0x000000002000012c       0x43 Middlewares/ST/STM32_USB_Device_Library/Class/CDC/Src/usbd_cdc.o
                0x000000002000012c                USBD_CDC_CfgFSDesc
 *fill*         0x000000002000016f        0x1 
 .data.USBD_CDC_CfgHSDesc
                0x0000000020000170       0x43 Middlewares/ST/STM32_USB_Device_Library/Class/CDC/Src/usbd_cdc.o
                0x0000000020000170                USBD_CDC_CfgHSDesc
 *fill*         0x00000000200001b3        0x1 
 .data.USBD_CDC_DeviceQualifierDesc
                0x00000000200001b4        0xa Middlewares/ST/STM32_USB_Device_Library/Class/CDC/Src/usbd_cdc.o
 *fill*         0x00000000200001be        0x2 
 .data.USBD_CDC_OtherSpeedCfgDesc
                0x00000000200001c0       0x43 Middlewares/ST/STM32_USB_Device_Library/Class/CDC/Src/usbd_cdc.o
                0x00000000200001c0                USBD_CDC_OtherSpeedCfgDesc
 *fill*         0x0000000020000203        0x1 
 .data.USBD_Interface_fops_FS
                0x0000000020000204       0x10 USB_DEVICE/App/usbd_cdc_if.o
                0x0000000020000204                USBD_Interface_fops_FS
 .data.FS_Desc  0x0000000020000214       0x1c USB_DEVICE/App/usbd_desc.o
                0x0000000020000214                FS_Desc
 .data.USBD_FS_DeviceDesc
                0x0000000020000230       0x12 USB_DEVICE/App/usbd_desc.o
                0x0000000020000230                USBD_FS_DeviceDesc
 *fill*         0x0000000020000242        0x2 
 .data.USBD_LangIDDesc
                0x0000000020000244        0x4 USB_DEVICE/App/usbd_desc.o
                0x0000000020000244                USBD_LangIDDesc
 .data.USBD_StringSerial
                0x0000000020000248       0x1a USB_DEVICE/App/usbd_desc.o
                0x0000000020000248                USBD_StringSerial
 *fill*         0x0000000020000262        0x2 
 .data._impure_ptr
                0x0000000020000264        0x4 d:/st/stm32cubeide_1.0.2/stm32cubeide/plugins/com.st.stm32cube.ide.mcu.externaltools.gnu-tools-for-stm32.7-2018-q2-update.win32_1.5.0.202011040924/tools/bin/../lib/gcc/arm-none-eabi/7.3.1/../../../../arm-none-eabi/lib/thumb/v7-m\libc_nano.a(lib_a-impure.o)
                0x0000000020000264                _impure_ptr
 .data.impure_data
                0x0000000020000268       0x60 d:/st/stm32cubeide_1.0.2/stm32cubeide/plugins/com.st.stm32cube.ide.mcu.externaltools.gnu-tools-for-stm32.7-2018-q2-update.win32_1.5.0.202011040924/tools/bin/../lib/gcc/arm-none-eabi/7.3.1/../../../../arm-none-eabi/lib/thumb/v7-m\libc_nano.a(lib_a-impure.o)
 .data.__global_locale
                0x00000000200002c8      0x16c d:/st/stm32cubeide_1.0.2/stm32cubeide/plugins/com.st.stm32cube.ide.mcu.externaltools.gnu-tools-for-stm32.7-2018-q2-update.win32_1.5.0.202011040924/tools/bin/../lib/gcc/arm-none-eabi/7.3.1/../../../../arm-none-eabi/lib/thumb/v7-m\libc_nano.a(lib_a-locale.o)
                0x00000000200002c8                __global_locale
 *(.RamFunc)
 *(.RamFunc*)
                0x0000000020000434                . = ALIGN (0x4)
                0x0000000020000434                _edata = .

.igot.plt       0x0000000020000434        0x0 load address 0x0000000008006e18
 .igot.plt      0x0000000020000434        0x0 d:/st/stm32cubeide_1.0.2/stm32cubeide/plugins/com.st.stm32cube.ide.mcu.externaltools.gnu-tools-for-stm32.7-2018-q2-update.win32_1.5.0.202011040924/tools/bin/../lib/gcc/arm-none-eabi/7.3.1/thumb/v7-m/crtbegin.o
                0x0000000020000434                . = ALIGN (0x4)

.bss            0x0000000020000434     0x12b0 load address 0x0000000008006e18
                0x0000000020000434                _sbss = .
                0x0000000020000434                __bss_start__ = _sbss
 *(.bss)
 .bss           0x0000000020000434       0x1c d:/st/stm32cubeide_1.0.2/stm32cubeide/plugins/com.st.stm32cube.ide.mcu.externaltools.gnu-tools-for-stm32.7-2018-q2-update.win32_1.5.0.202011040924/tools/bin/../lib/gcc/arm-none-eabi/7.3.1/thumb/v7-m/crtbegin.o
 *(.bss*)
 .bss.homingCounter
                0x0000000020000450        0x1 Core/Src/myLibrary.o
                0x0000000020000450                homingCounter
 .bss.measureFlag
                0x0000000020000451        0x1 Core/Src/myLibrary.o
                0x0000000020000451                measureFlag
 .bss.pitch     0x0000000020000452        0x2 Core/Src/myLibrary.o
                0x0000000020000452                pitch
 .bss.measurement_timing_budget_us
                0x0000000020000454        0x4 Core/Src/tof.o
 .bss.stop_variable
                0x0000000020000458        0x1 Core/Src/tof.o
 .bss.cfgidx.8405
                0x0000000020000459        0x1 Middlewares/ST/STM32_USB_Device_Library/Core/Src/usbd_ctlreq.o
 *fill*         0x000000002000045a        0x2 
 .bss.mem.8473  0x000000002000045c      0x220 USB_DEVICE/Target/usbd_conf.o
 *(COMMON)
 COMMON         0x000000002000067c       0xe4 Core/Src/main.o
                0x000000002000067c                hi2c2
                0x00000000200006d0                htim3
                0x0000000020000718                htim2
 COMMON         0x0000000020000760        0x4 Drivers/STM32F1xx_HAL_Driver/Src/stm32f1xx_hal.o
                0x0000000020000760                uwTick
 COMMON         0x0000000020000764      0x2c4 USB_DEVICE/App/usb_device.o
                0x0000000020000764                hUsbDeviceFS
 COMMON         0x0000000020000a28      0x7d0 USB_DEVICE/App/usbd_cdc_if.o
                0x0000000020000a28                UserRxBufferFS
                0x0000000020000e10                UserTxBufferFS
 COMMON         0x00000000200011f8      0x200 USB_DEVICE/App/usbd_desc.o
                0x00000000200011f8                USBD_StrDesc
 COMMON         0x00000000200013f8      0x2ec USB_DEVICE/Target/usbd_conf.o
                0x00000000200013f8                hpcd_USB_FS
                0x00000000200016e4                . = ALIGN (0x4)
                0x00000000200016e4                _ebss = .
                0x00000000200016e4                __bss_end__ = _ebss

._user_heap_stack
                0x00000000200016e4      0x604 load address 0x0000000008006e18
                0x00000000200016e8                . = ALIGN (0x8)
 *fill*         0x00000000200016e4        0x4 
                [!provide]                        PROVIDE (end = .)
                0x00000000200016e8                PROVIDE (_end = .)
                0x00000000200018e8                . = (. + _Min_Heap_Size)
 *fill*         0x00000000200016e8      0x200 
                0x0000000020001ce8                . = (. + _Min_Stack_Size)
 *fill*         0x00000000200018e8      0x400 
                0x0000000020001ce8                . = ALIGN (0x8)

/DISCARD/
 libc.a(*)
 libm.a(*)
 libgcc.a(*)

.ARM.attributes
                0x0000000000000000       0x29
 *(.ARM.attributes)
 .ARM.attributes
                0x0000000000000000       0x1d d:/st/stm32cubeide_1.0.2/stm32cubeide/plugins/com.st.stm32cube.ide.mcu.externaltools.gnu-tools-for-stm32.7-2018-q2-update.win32_1.5.0.202011040924/tools/bin/../lib/gcc/arm-none-eabi/7.3.1/thumb/v7-m/crti.o
 .ARM.attributes
                0x000000000000001d       0x2d d:/st/stm32cubeide_1.0.2/stm32cubeide/plugins/com.st.stm32cube.ide.mcu.externaltools.gnu-tools-for-stm32.7-2018-q2-update.win32_1.5.0.202011040924/tools/bin/../lib/gcc/arm-none-eabi/7.3.1/thumb/v7-m/crtbegin.o
 .ARM.attributes
                0x000000000000004a       0x33 Core/Src/main.o
 .ARM.attributes
                0x000000000000007d       0x33 Core/Src/myLibrary.o
 .ARM.attributes
                0x00000000000000b0       0x33 Core/Src/stm32f1xx_hal_msp.o
 .ARM.attributes
                0x00000000000000e3       0x33 Core/Src/stm32f1xx_it.o
 .ARM.attributes
                0x0000000000000116       0x33 Core/Src/system_stm32f1xx.o
 .ARM.attributes
                0x0000000000000149       0x33 Core/Src/tof.o
 .ARM.attributes
                0x000000000000017c       0x21 Core/Startup/startup_stm32f103c8tx.o
 .ARM.attributes
                0x000000000000019d       0x33 Drivers/STM32F1xx_HAL_Driver/Src/stm32f1xx_hal.o
 .ARM.attributes
                0x00000000000001d0       0x33 Drivers/STM32F1xx_HAL_Driver/Src/stm32f1xx_hal_cortex.o
 .ARM.attributes
                0x0000000000000203       0x33 Drivers/STM32F1xx_HAL_Driver/Src/stm32f1xx_hal_gpio.o
 .ARM.attributes
                0x0000000000000236       0x33 Drivers/STM32F1xx_HAL_Driver/Src/stm32f1xx_hal_i2c.o
 .ARM.attributes
                0x0000000000000269       0x33 Drivers/STM32F1xx_HAL_Driver/Src/stm32f1xx_hal_pcd.o
 .ARM.attributes
                0x000000000000029c       0x33 Drivers/STM32F1xx_HAL_Driver/Src/stm32f1xx_hal_pcd_ex.o
 .ARM.attributes
                0x00000000000002cf       0x33 Drivers/STM32F1xx_HAL_Driver/Src/stm32f1xx_hal_rcc.o
 .ARM.attributes
                0x0000000000000302       0x33 Drivers/STM32F1xx_HAL_Driver/Src/stm32f1xx_hal_rcc_ex.o
 .ARM.attributes
                0x0000000000000335       0x33 Drivers/STM32F1xx_HAL_Driver/Src/stm32f1xx_hal_tim.o
 .ARM.attributes
                0x0000000000000368       0x33 Drivers/STM32F1xx_HAL_Driver/Src/stm32f1xx_hal_tim_ex.o
 .ARM.attributes
                0x000000000000039b       0x33 Drivers/STM32F1xx_HAL_Driver/Src/stm32f1xx_ll_usb.o
 .ARM.attributes
                0x00000000000003ce       0x33 Middlewares/ST/STM32_USB_Device_Library/Class/CDC/Src/usbd_cdc.o
 .ARM.attributes
                0x0000000000000401       0x33 Middlewares/ST/STM32_USB_Device_Library/Core/Src/usbd_core.o
 .ARM.attributes
                0x0000000000000434       0x33 Middlewares/ST/STM32_USB_Device_Library/Core/Src/usbd_ctlreq.o
 .ARM.attributes
                0x0000000000000467       0x33 Middlewares/ST/STM32_USB_Device_Library/Core/Src/usbd_ioreq.o
 .ARM.attributes
                0x000000000000049a       0x33 USB_DEVICE/App/usb_device.o
 .ARM.attributes
                0x00000000000004cd       0x33 USB_DEVICE/App/usbd_cdc_if.o
 .ARM.attributes
                0x0000000000000500       0x33 USB_DEVICE/App/usbd_desc.o
 .ARM.attributes
                0x0000000000000533       0x33 USB_DEVICE/Target/usbd_conf.o
 .ARM.attributes
                0x0000000000000566       0x2d d:/st/stm32cubeide_1.0.2/stm32cubeide/plugins/com.st.stm32cube.ide.mcu.externaltools.gnu-tools-for-stm32.7-2018-q2-update.win32_1.5.0.202011040924/tools/bin/../lib/gcc/arm-none-eabi/7.3.1/../../../../arm-none-eabi/lib/thumb/v7-m\libc_nano.a(lib_a-atoi.o)
 .ARM.attributes
                0x0000000000000593       0x2d d:/st/stm32cubeide_1.0.2/stm32cubeide/plugins/com.st.stm32cube.ide.mcu.externaltools.gnu-tools-for-stm32.7-2018-q2-update.win32_1.5.0.202011040924/tools/bin/../lib/gcc/arm-none-eabi/7.3.1/../../../../arm-none-eabi/lib/thumb/v7-m\libc_nano.a(lib_a-impure.o)
 .ARM.attributes
                0x00000000000005c0       0x2d d:/st/stm32cubeide_1.0.2/stm32cubeide/plugins/com.st.stm32cube.ide.mcu.externaltools.gnu-tools-for-stm32.7-2018-q2-update.win32_1.5.0.202011040924/tools/bin/../lib/gcc/arm-none-eabi/7.3.1/../../../../arm-none-eabi/lib/thumb/v7-m\libc_nano.a(lib_a-init.o)
 .ARM.attributes
                0x00000000000005ed       0x2d d:/st/stm32cubeide_1.0.2/stm32cubeide/plugins/com.st.stm32cube.ide.mcu.externaltools.gnu-tools-for-stm32.7-2018-q2-update.win32_1.5.0.202011040924/tools/bin/../lib/gcc/arm-none-eabi/7.3.1/../../../../arm-none-eabi/lib/thumb/v7-m\libc_nano.a(lib_a-itoa.o)
 .ARM.attributes
                0x000000000000061a       0x2d d:/st/stm32cubeide_1.0.2/stm32cubeide/plugins/com.st.stm32cube.ide.mcu.externaltools.gnu-tools-for-stm32.7-2018-q2-update.win32_1.5.0.202011040924/tools/bin/../lib/gcc/arm-none-eabi/7.3.1/../../../../arm-none-eabi/lib/thumb/v7-m\libc_nano.a(lib_a-memcpy-stub.o)
 .ARM.attributes
                0x0000000000000647       0x17 d:/st/stm32cubeide_1.0.2/stm32cubeide/plugins/com.st.stm32cube.ide.mcu.externaltools.gnu-tools-for-stm32.7-2018-q2-update.win32_1.5.0.202011040924/tools/bin/../lib/gcc/arm-none-eabi/7.3.1/../../../../arm-none-eabi/lib/thumb/v7-m\libc_nano.a(lib_a-strlen.o)
 .ARM.attributes
                0x000000000000065e       0x2d d:/st/stm32cubeide_1.0.2/stm32cubeide/plugins/com.st.stm32cube.ide.mcu.externaltools.gnu-tools-for-stm32.7-2018-q2-update.win32_1.5.0.202011040924/tools/bin/../lib/gcc/arm-none-eabi/7.3.1/../../../../arm-none-eabi/lib/thumb/v7-m\libc_nano.a(lib_a-strtol.o)
 .ARM.attributes
                0x000000000000068b       0x2d d:/st/stm32cubeide_1.0.2/stm32cubeide/plugins/com.st.stm32cube.ide.mcu.externaltools.gnu-tools-for-stm32.7-2018-q2-update.win32_1.5.0.202011040924/tools/bin/../lib/gcc/arm-none-eabi/7.3.1/../../../../arm-none-eabi/lib/thumb/v7-m\libc_nano.a(lib_a-utoa.o)
 .ARM.attributes
                0x00000000000006b8       0x2d d:/st/stm32cubeide_1.0.2/stm32cubeide/plugins/com.st.stm32cube.ide.mcu.externaltools.gnu-tools-for-stm32.7-2018-q2-update.win32_1.5.0.202011040924/tools/bin/../lib/gcc/arm-none-eabi/7.3.1/../../../../arm-none-eabi/lib/thumb/v7-m\libc_nano.a(lib_a-locale.o)
 .ARM.attributes
                0x00000000000006e5       0x2d d:/st/stm32cubeide_1.0.2/stm32cubeide/plugins/com.st.stm32cube.ide.mcu.externaltools.gnu-tools-for-stm32.7-2018-q2-update.win32_1.5.0.202011040924/tools/bin/../lib/gcc/arm-none-eabi/7.3.1/../../../../arm-none-eabi/lib/thumb/v7-m\libc_nano.a(lib_a-mbtowc_r.o)
 .ARM.attributes
                0x0000000000000712       0x2d d:/st/stm32cubeide_1.0.2/stm32cubeide/plugins/com.st.stm32cube.ide.mcu.externaltools.gnu-tools-for-stm32.7-2018-q2-update.win32_1.5.0.202011040924/tools/bin/../lib/gcc/arm-none-eabi/7.3.1/../../../../arm-none-eabi/lib/thumb/v7-m\libc_nano.a(lib_a-wctomb_r.o)
 .ARM.attributes
                0x000000000000073f       0x2d d:/st/stm32cubeide_1.0.2/stm32cubeide/plugins/com.st.stm32cube.ide.mcu.externaltools.gnu-tools-for-stm32.7-2018-q2-update.win32_1.5.0.202011040924/tools/bin/../lib/gcc/arm-none-eabi/7.3.1/../../../../arm-none-eabi/lib/thumb/v7-m\libc_nano.a(lib_a-ctype_.o)
 .ARM.attributes
                0x000000000000076c       0x1d d:/st/stm32cubeide_1.0.2/stm32cubeide/plugins/com.st.stm32cube.ide.mcu.externaltools.gnu-tools-for-stm32.7-2018-q2-update.win32_1.5.0.202011040924/tools/bin/../lib/gcc/arm-none-eabi/7.3.1/thumb/v7-m\libgcc.a(_arm_addsubsf3.o)
 .ARM.attributes
                0x0000000000000789       0x1d d:/st/stm32cubeide_1.0.2/stm32cubeide/plugins/com.st.stm32cube.ide.mcu.externaltools.gnu-tools-for-stm32.7-2018-q2-update.win32_1.5.0.202011040924/tools/bin/../lib/gcc/arm-none-eabi/7.3.1/thumb/v7-m\libgcc.a(_arm_muldivsf3.o)
 .ARM.attributes
                0x00000000000007a6       0x1d d:/st/stm32cubeide_1.0.2/stm32cubeide/plugins/com.st.stm32cube.ide.mcu.externaltools.gnu-tools-for-stm32.7-2018-q2-update.win32_1.5.0.202011040924/tools/bin/../lib/gcc/arm-none-eabi/7.3.1/thumb/v7-m\libgcc.a(_arm_fixunssfsi.o)
 .ARM.attributes
                0x00000000000007c3       0x1d d:/st/stm32cubeide_1.0.2/stm32cubeide/plugins/com.st.stm32cube.ide.mcu.externaltools.gnu-tools-for-stm32.7-2018-q2-update.win32_1.5.0.202011040924/tools/bin/../lib/gcc/arm-none-eabi/7.3.1/thumb/v7-m/crtn.o
OUTPUT(STM32F103C8T6_3D_Scanner_VL53L0X.elf elf32-littlearm)

.debug_info     0x0000000000000000    0x21deb
 .debug_info    0x0000000000000000     0x213d Core/Src/main.o
 .debug_info    0x000000000000213d     0x1746 Core/Src/myLibrary.o
 .debug_info    0x0000000000003883      0xec0 Core/Src/stm32f1xx_hal_msp.o
 .debug_info    0x0000000000004743     0x1b87 Core/Src/stm32f1xx_it.o
 .debug_info    0x00000000000062ca      0x29d Core/Src/system_stm32f1xx.o
 .debug_info    0x0000000000006567     0x2528 Core/Src/tof.o
 .debug_info    0x0000000000008a8f       0x22 Core/Startup/startup_stm32f103c8tx.o
 .debug_info    0x0000000000008ab1      0x7be Drivers/STM32F1xx_HAL_Driver/Src/stm32f1xx_hal.o
 .debug_info    0x000000000000926f      0xcb5 Drivers/STM32F1xx_HAL_Driver/Src/stm32f1xx_hal_cortex.o
 .debug_info    0x0000000000009f24      0x6ab Drivers/STM32F1xx_HAL_Driver/Src/stm32f1xx_hal_gpio.o
 .debug_info    0x000000000000a5cf     0x33be Drivers/STM32F1xx_HAL_Driver/Src/stm32f1xx_hal_i2c.o
 .debug_info    0x000000000000d98d     0x177a Drivers/STM32F1xx_HAL_Driver/Src/stm32f1xx_hal_pcd.o
 .debug_info    0x000000000000f107      0x784 Drivers/STM32F1xx_HAL_Driver/Src/stm32f1xx_hal_pcd_ex.o
 .debug_info    0x000000000000f88b      0x9e6 Drivers/STM32F1xx_HAL_Driver/Src/stm32f1xx_hal_rcc.o
 .debug_info    0x0000000000010271      0x497 Drivers/STM32F1xx_HAL_Driver/Src/stm32f1xx_hal_rcc_ex.o
 .debug_info    0x0000000000010708     0x3554 Drivers/STM32F1xx_HAL_Driver/Src/stm32f1xx_hal_tim.o
 .debug_info    0x0000000000013c5c     0x1787 Drivers/STM32F1xx_HAL_Driver/Src/stm32f1xx_hal_tim_ex.o
 .debug_info    0x00000000000153e3     0x1871 Drivers/STM32F1xx_HAL_Driver/Src/stm32f1xx_ll_usb.o
 .debug_info    0x0000000000016c54     0x1af3 Middlewares/ST/STM32_USB_Device_Library/Class/CDC/Src/usbd_cdc.o
 .debug_info    0x0000000000018747     0x155d Middlewares/ST/STM32_USB_Device_Library/Core/Src/usbd_core.o
 .debug_info    0x0000000000019ca4     0x1882 Middlewares/ST/STM32_USB_Device_Library/Core/Src/usbd_ctlreq.o
 .debug_info    0x000000000001b526     0x102d Middlewares/ST/STM32_USB_Device_Library/Core/Src/usbd_ioreq.o
 .debug_info    0x000000000001c553      0xf3c USB_DEVICE/App/usb_device.o
 .debug_info    0x000000000001d48f     0x1916 USB_DEVICE/App/usbd_cdc_if.o
 .debug_info    0x000000000001eda5      0xe57 USB_DEVICE/App/usbd_desc.o
 .debug_info    0x000000000001fbfc     0x21ef USB_DEVICE/Target/usbd_conf.o

.debug_abbrev   0x0000000000000000     0x3b88
 .debug_abbrev  0x0000000000000000      0x314 Core/Src/main.o
 .debug_abbrev  0x0000000000000314      0x294 Core/Src/myLibrary.o
 .debug_abbrev  0x00000000000005a8      0x1d4 Core/Src/stm32f1xx_hal_msp.o
 .debug_abbrev  0x000000000000077c      0x249 Core/Src/stm32f1xx_it.o
 .debug_abbrev  0x00000000000009c5      0x134 Core/Src/system_stm32f1xx.o
 .debug_abbrev  0x0000000000000af9      0x332 Core/Src/tof.o
 .debug_abbrev  0x0000000000000e2b       0x12 Core/Startup/startup_stm32f103c8tx.o
 .debug_abbrev  0x0000000000000e3d      0x1fc Drivers/STM32F1xx_HAL_Driver/Src/stm32f1xx_hal.o
 .debug_abbrev  0x0000000000001039      0x303 Drivers/STM32F1xx_HAL_Driver/Src/stm32f1xx_hal_cortex.o
 .debug_abbrev  0x000000000000133c      0x1de Drivers/STM32F1xx_HAL_Driver/Src/stm32f1xx_hal_gpio.o
 .debug_abbrev  0x000000000000151a      0x282 Drivers/STM32F1xx_HAL_Driver/Src/stm32f1xx_hal_i2c.o
 .debug_abbrev  0x000000000000179c      0x298 Drivers/STM32F1xx_HAL_Driver/Src/stm32f1xx_hal_pcd.o
 .debug_abbrev  0x0000000000001a34      0x197 Drivers/STM32F1xx_HAL_Driver/Src/stm32f1xx_hal_pcd_ex.o
 .debug_abbrev  0x0000000000001bcb      0x257 Drivers/STM32F1xx_HAL_Driver/Src/stm32f1xx_hal_rcc.o
 .debug_abbrev  0x0000000000001e22      0x1c9 Drivers/STM32F1xx_HAL_Driver/Src/stm32f1xx_hal_rcc_ex.o
 .debug_abbrev  0x0000000000001feb      0x237 Drivers/STM32F1xx_HAL_Driver/Src/stm32f1xx_hal_tim.o
 .debug_abbrev  0x0000000000002222      0x246 Drivers/STM32F1xx_HAL_Driver/Src/stm32f1xx_hal_tim_ex.o
 .debug_abbrev  0x0000000000002468      0x235 Drivers/STM32F1xx_HAL_Driver/Src/stm32f1xx_ll_usb.o
 .debug_abbrev  0x000000000000269d      0x303 Middlewares/ST/STM32_USB_Device_Library/Class/CDC/Src/usbd_cdc.o
 .debug_abbrev  0x00000000000029a0      0x285 Middlewares/ST/STM32_USB_Device_Library/Core/Src/usbd_core.o
 .debug_abbrev  0x0000000000002c25      0x302 Middlewares/ST/STM32_USB_Device_Library/Core/Src/usbd_ctlreq.o
 .debug_abbrev  0x0000000000002f27      0x1ee Middlewares/ST/STM32_USB_Device_Library/Core/Src/usbd_ioreq.o
 .debug_abbrev  0x0000000000003115      0x1f5 USB_DEVICE/App/usb_device.o
 .debug_abbrev  0x000000000000330a      0x2d1 USB_DEVICE/App/usbd_cdc_if.o
 .debug_abbrev  0x00000000000035db      0x2af USB_DEVICE/App/usbd_desc.o
 .debug_abbrev  0x000000000000388a      0x2fe USB_DEVICE/Target/usbd_conf.o

.debug_loc      0x0000000000000000    0x10a3f
 .debug_loc     0x0000000000000000       0x13 Core/Src/main.o
 .debug_loc     0x0000000000000013       0x7e Core/Src/myLibrary.o
 .debug_loc     0x0000000000000091      0x109 Core/Src/stm32f1xx_hal_msp.o
 .debug_loc     0x000000000000019a       0xdf Core/Src/system_stm32f1xx.o
 .debug_loc     0x0000000000000279      0x797 Core/Src/tof.o
 .debug_loc     0x0000000000000a10       0xfa Drivers/STM32F1xx_HAL_Driver/Src/stm32f1xx_hal.o
 .debug_loc     0x0000000000000b0a      0x5ad Drivers/STM32F1xx_HAL_Driver/Src/stm32f1xx_hal_cortex.o
 .debug_loc     0x00000000000010b7      0x3d8 Drivers/STM32F1xx_HAL_Driver/Src/stm32f1xx_hal_gpio.o
 .debug_loc     0x000000000000148f     0x36df Drivers/STM32F1xx_HAL_Driver/Src/stm32f1xx_hal_i2c.o
 .debug_loc     0x0000000000004b6e     0x108a Drivers/STM32F1xx_HAL_Driver/Src/stm32f1xx_hal_pcd.o
 .debug_loc     0x0000000000005bf8       0xea Drivers/STM32F1xx_HAL_Driver/Src/stm32f1xx_hal_pcd_ex.o
 .debug_loc     0x0000000000005ce2      0x4ad Drivers/STM32F1xx_HAL_Driver/Src/stm32f1xx_hal_rcc.o
 .debug_loc     0x000000000000618f      0x2d0 Drivers/STM32F1xx_HAL_Driver/Src/stm32f1xx_hal_rcc_ex.o
 .debug_loc     0x000000000000645f     0x46ce Drivers/STM32F1xx_HAL_Driver/Src/stm32f1xx_hal_tim.o
 .debug_loc     0x000000000000ab2d     0x1a68 Drivers/STM32F1xx_HAL_Driver/Src/stm32f1xx_hal_tim_ex.o
 .debug_loc     0x000000000000c595     0x15bf Drivers/STM32F1xx_HAL_Driver/Src/stm32f1xx_ll_usb.o
 .debug_loc     0x000000000000db54      0x729 Middlewares/ST/STM32_USB_Device_Library/Class/CDC/Src/usbd_cdc.o
 .debug_loc     0x000000000000e27d      0x6ed Middlewares/ST/STM32_USB_Device_Library/Core/Src/usbd_core.o
 .debug_loc     0x000000000000e96a     0x105b Middlewares/ST/STM32_USB_Device_Library/Core/Src/usbd_ctlreq.o
 .debug_loc     0x000000000000f9c5      0x23c Middlewares/ST/STM32_USB_Device_Library/Core/Src/usbd_ioreq.o
 .debug_loc     0x000000000000fc01      0x103 USB_DEVICE/App/usbd_cdc_if.o
 .debug_loc     0x000000000000fd04      0x30e USB_DEVICE/App/usbd_desc.o
 .debug_loc     0x0000000000010012      0xa2d USB_DEVICE/Target/usbd_conf.o

.debug_aranges  0x0000000000000000     0x1308
 .debug_aranges
                0x0000000000000000       0x50 Core/Src/main.o
 .debug_aranges
                0x0000000000000050       0x30 Core/Src/myLibrary.o
 .debug_aranges
                0x0000000000000080       0x48 Core/Src/stm32f1xx_hal_msp.o
 .debug_aranges
                0x00000000000000c8       0x70 Core/Src/stm32f1xx_it.o
 .debug_aranges
                0x0000000000000138       0x28 Core/Src/system_stm32f1xx.o
 .debug_aranges
                0x0000000000000160       0xc8 Core/Src/tof.o
 .debug_aranges
                0x0000000000000228       0x28 Core/Startup/startup_stm32f103c8tx.o
 .debug_aranges
                0x0000000000000250       0xe0 Drivers/STM32F1xx_HAL_Driver/Src/stm32f1xx_hal.o
 .debug_aranges
                0x0000000000000330       0x90 Drivers/STM32F1xx_HAL_Driver/Src/stm32f1xx_hal_cortex.o
 .debug_aranges
                0x00000000000003c0       0x58 Drivers/STM32F1xx_HAL_Driver/Src/stm32f1xx_hal_gpio.o
 .debug_aranges
                0x0000000000000418      0x2a0 Drivers/STM32F1xx_HAL_Driver/Src/stm32f1xx_hal_i2c.o
 .debug_aranges
                0x00000000000006b8      0x138 Drivers/STM32F1xx_HAL_Driver/Src/stm32f1xx_hal_pcd.o
 .debug_aranges
                0x00000000000007f0       0x38 Drivers/STM32F1xx_HAL_Driver/Src/stm32f1xx_hal_pcd_ex.o
 .debug_aranges
                0x0000000000000828       0x90 Drivers/STM32F1xx_HAL_Driver/Src/stm32f1xx_hal_rcc.o
 .debug_aranges
                0x00000000000008b8       0x30 Drivers/STM32F1xx_HAL_Driver/Src/stm32f1xx_hal_rcc_ex.o
 .debug_aranges
                0x00000000000008e8      0x3d0 Drivers/STM32F1xx_HAL_Driver/Src/stm32f1xx_hal_tim.o
 .debug_aranges
                0x0000000000000cb8      0x168 Drivers/STM32F1xx_HAL_Driver/Src/stm32f1xx_hal_tim_ex.o
 .debug_aranges
                0x0000000000000e20       0xf0 Drivers/STM32F1xx_HAL_Driver/Src/stm32f1xx_ll_usb.o
 .debug_aranges
                0x0000000000000f10       0x90 Middlewares/ST/STM32_USB_Device_Library/Class/CDC/Src/usbd_cdc.o
 .debug_aranges
                0x0000000000000fa0       0xb8 Middlewares/ST/STM32_USB_Device_Library/Core/Src/usbd_core.o
 .debug_aranges
                0x0000000000001058       0x88 Middlewares/ST/STM32_USB_Device_Library/Core/Src/usbd_ctlreq.o
 .debug_aranges
                0x00000000000010e0       0x50 Middlewares/ST/STM32_USB_Device_Library/Core/Src/usbd_ioreq.o
 .debug_aranges
                0x0000000000001130       0x20 USB_DEVICE/App/usb_device.o
 .debug_aranges
                0x0000000000001150       0x40 USB_DEVICE/App/usbd_cdc_if.o
 .debug_aranges
                0x0000000000001190       0x60 USB_DEVICE/App/usbd_desc.o
 .debug_aranges
                0x00000000000011f0      0x118 USB_DEVICE/Target/usbd_conf.o

.debug_ranges   0x0000000000000000     0x1550
 .debug_ranges  0x0000000000000000       0x40 Core/Src/main.o
 .debug_ranges  0x0000000000000040       0x20 Core/Src/myLibrary.o
 .debug_ranges  0x0000000000000060       0x38 Core/Src/stm32f1xx_hal_msp.o
 .debug_ranges  0x0000000000000098       0x60 Core/Src/stm32f1xx_it.o
 .debug_ranges  0x00000000000000f8       0x18 Core/Src/system_stm32f1xx.o
 .debug_ranges  0x0000000000000110       0xf8 Core/Src/tof.o
 .debug_ranges  0x0000000000000208       0x20 Core/Startup/startup_stm32f103c8tx.o
 .debug_ranges  0x0000000000000228       0xd0 Drivers/STM32F1xx_HAL_Driver/Src/stm32f1xx_hal.o
 .debug_ranges  0x00000000000002f8       0xe0 Drivers/STM32F1xx_HAL_Driver/Src/stm32f1xx_hal_cortex.o
 .debug_ranges  0x00000000000003d8       0x48 Drivers/STM32F1xx_HAL_Driver/Src/stm32f1xx_hal_gpio.o
 .debug_ranges  0x0000000000000420      0x2b0 Drivers/STM32F1xx_HAL_Driver/Src/stm32f1xx_hal_i2c.o
 .debug_ranges  0x00000000000006d0      0x1d8 Drivers/STM32F1xx_HAL_Driver/Src/stm32f1xx_hal_pcd.o
 .debug_ranges  0x00000000000008a8       0x28 Drivers/STM32F1xx_HAL_Driver/Src/stm32f1xx_hal_pcd_ex.o
 .debug_ranges  0x00000000000008d0       0xa0 Drivers/STM32F1xx_HAL_Driver/Src/stm32f1xx_hal_rcc.o
 .debug_ranges  0x0000000000000970       0x38 Drivers/STM32F1xx_HAL_Driver/Src/stm32f1xx_hal_rcc_ex.o
 .debug_ranges  0x00000000000009a8      0x3c0 Drivers/STM32F1xx_HAL_Driver/Src/stm32f1xx_hal_tim.o
 .debug_ranges  0x0000000000000d68      0x158 Drivers/STM32F1xx_HAL_Driver/Src/stm32f1xx_hal_tim_ex.o
 .debug_ranges  0x0000000000000ec0      0x318 Drivers/STM32F1xx_HAL_Driver/Src/stm32f1xx_ll_usb.o
 .debug_ranges  0x00000000000011d8       0x80 Middlewares/ST/STM32_USB_Device_Library/Class/CDC/Src/usbd_cdc.o
 .debug_ranges  0x0000000000001258       0xa8 Middlewares/ST/STM32_USB_Device_Library/Core/Src/usbd_core.o
 .debug_ranges  0x0000000000001300       0x78 Middlewares/ST/STM32_USB_Device_Library/Core/Src/usbd_ctlreq.o
 .debug_ranges  0x0000000000001378       0x40 Middlewares/ST/STM32_USB_Device_Library/Core/Src/usbd_ioreq.o
 .debug_ranges  0x00000000000013b8       0x10 USB_DEVICE/App/usb_device.o
 .debug_ranges  0x00000000000013c8       0x30 USB_DEVICE/App/usbd_cdc_if.o
 .debug_ranges  0x00000000000013f8       0x50 USB_DEVICE/App/usbd_desc.o
 .debug_ranges  0x0000000000001448      0x108 USB_DEVICE/Target/usbd_conf.o

.debug_macro    0x0000000000000000    0x1c36f
 .debug_macro   0x0000000000000000      0x418 Core/Src/main.o
 .debug_macro   0x0000000000000418      0xa5a Core/Src/main.o
 .debug_macro   0x0000000000000e72      0x221 Core/Src/main.o
 .debug_macro   0x0000000000001093       0x2e Core/Src/main.o
 .debug_macro   0x00000000000010c1       0x22 Core/Src/main.o
 .debug_macro   0x00000000000010e3       0x22 Core/Src/main.o
 .debug_macro   0x0000000000001105       0x8e Core/Src/main.o
 .debug_macro   0x0000000000001193       0x51 Core/Src/main.o
 .debug_macro   0x00000000000011e4       0xef Core/Src/main.o
 .debug_macro   0x00000000000012d3       0x6a Core/Src/main.o
 .debug_macro   0x000000000000133d      0x1df Core/Src/main.o
 .debug_macro   0x000000000000151c       0x1c Core/Src/main.o
 .debug_macro   0x0000000000001538       0x22 Core/Src/main.o
 .debug_macro   0x000000000000155a       0xc3 Core/Src/main.o
 .debug_macro   0x000000000000161d      0xd23 Core/Src/main.o
 .debug_macro   0x0000000000002340     0xe097 Core/Src/main.o
 .debug_macro   0x00000000000103d7       0x43 Core/Src/main.o
 .debug_macro   0x000000000001041a     0x3468 Core/Src/main.o
 .debug_macro   0x0000000000013882      0x174 Core/Src/main.o
 .debug_macro   0x00000000000139f6       0x5c Core/Src/main.o
 .debug_macro   0x0000000000013a52      0x5be Core/Src/main.o
 .debug_macro   0x0000000000014010      0x289 Core/Src/main.o
 .debug_macro   0x0000000000014299      0x1cb Core/Src/main.o
 .debug_macro   0x0000000000014464      0x114 Core/Src/main.o
 .debug_macro   0x0000000000014578      0x1b2 Core/Src/main.o
 .debug_macro   0x000000000001472a       0x27 Core/Src/main.o
 .debug_macro   0x0000000000014751      0x136 Core/Src/main.o
 .debug_macro   0x0000000000014887      0x1bc Core/Src/main.o
 .debug_macro   0x0000000000014a43       0x34 Core/Src/main.o
 .debug_macro   0x0000000000014a77       0x3c Core/Src/main.o
 .debug_macro   0x0000000000014ab3       0x57 Core/Src/main.o
 .debug_macro   0x0000000000014b0a       0x88 Core/Src/main.o
 .debug_macro   0x0000000000014b92      0x241 Core/Src/main.o
 .debug_macro   0x0000000000014dd3      0x287 Core/Src/main.o
 .debug_macro   0x000000000001505a      0x141 Core/Src/main.o
 .debug_macro   0x000000000001519b      0x8d1 Core/Src/main.o
 .debug_macro   0x0000000000015a6c       0x65 Core/Src/main.o
 .debug_macro   0x0000000000015ad1      0x249 Core/Src/main.o
 .debug_macro   0x0000000000015d1a       0x83 Core/Src/main.o
 .debug_macro   0x0000000000015d9d       0x1c Core/Src/main.o
 .debug_macro   0x0000000000015db9       0x46 Core/Src/main.o
 .debug_macro   0x0000000000015dff       0x18 Core/Src/main.o
 .debug_macro   0x0000000000015e17       0x3c Core/Src/main.o
 .debug_macro   0x0000000000015e53       0x34 Core/Src/main.o
 .debug_macro   0x0000000000015e87       0x16 Core/Src/main.o
 .debug_macro   0x0000000000015e9d       0x35 Core/Src/main.o
 .debug_macro   0x0000000000015ed2      0x32a Core/Src/main.o
 .debug_macro   0x00000000000161fc       0x10 Core/Src/main.o
 .debug_macro   0x000000000001620c       0x52 Core/Src/main.o
 .debug_macro   0x000000000001625e       0x1f Core/Src/main.o
 .debug_macro   0x000000000001627d       0x43 Core/Src/main.o
 .debug_macro   0x00000000000162c0       0x20 Core/Src/main.o
 .debug_macro   0x00000000000162e0      0x1a3 Core/Src/main.o
 .debug_macro   0x0000000000016483       0x10 Core/Src/main.o
 .debug_macro   0x0000000000016493       0x1c Core/Src/main.o
 .debug_macro   0x00000000000164af       0x52 Core/Src/main.o
 .debug_macro   0x0000000000016501       0x40 Core/Src/main.o
 .debug_macro   0x0000000000016541       0x10 Core/Src/main.o
 .debug_macro   0x0000000000016551       0x40 Core/Src/main.o
 .debug_macro   0x0000000000016591       0xd7 Core/Src/main.o
 .debug_macro   0x0000000000016668       0x1c Core/Src/main.o
 .debug_macro   0x0000000000016684       0x3d Core/Src/main.o
 .debug_macro   0x00000000000166c1       0x16 Core/Src/main.o
 .debug_macro   0x00000000000166d7      0x145 Core/Src/main.o
 .debug_macro   0x000000000001681c       0x16 Core/Src/main.o
 .debug_macro   0x0000000000016832       0x16 Core/Src/main.o
 .debug_macro   0x0000000000016848       0x29 Core/Src/main.o
 .debug_macro   0x0000000000016871       0x16 Core/Src/main.o
 .debug_macro   0x0000000000016887       0x20 Core/Src/main.o
 .debug_macro   0x00000000000168a7       0x60 Core/Src/main.o
 .debug_macro   0x0000000000016907      0x1c8 Core/Src/main.o
 .debug_macro   0x0000000000016acf       0x22 Core/Src/main.o
 .debug_macro   0x0000000000016af1       0x8f Core/Src/main.o